ggml_cuda_init: found 1 CUDA devices (Total VRAM: 16383 MiB):
  Device 0: NVIDIA RTX A5000 Laptop GPU, compute capability 8.6, VMM: yes, VRAM: 16383 MiB
Testing 2 devices

Backend 1/2: CUDA0
  Device description: NVIDIA RTX A5000 Laptop GPU
  Device memory: 16383 MB (15269 MB free)

  SET_ROWS(type_src=f32,type_dst=f32,type_idx=i64,ne=[1,8,1,3],nr23=[1,1],r=2,v=0): [1;32mOK[0m
  SET_ROWS(type_src=f32,type_dst=f32,type_idx=i32,ne=[1,8,1,3],nr23=[1,1],r=2,v=0): [1;32mOK[0m
  SET_ROWS(type_src=f32,type_dst=q8_0,type_idx=i32,ne=[256,5,1,3],nr23=[1,1],r=1,v=0): [1;32mOK[0m
  SET_ROWS(type_src=f16,type_dst=f32,type_idx=i64,ne=[256,5,1,3],nr23=[1,1],r=1,v=0): not supported [CUDA0] 
  SET_ROWS(type_src=f16,type_dst=f32,type_idx=i64,ne=[256,11,1,1],nr23=[2,3],r=7,v=0): not supported [CUDA0] 
  SET_ROWS(type_src=f16,type_dst=f32,type_idx=i64,ne=[3,3,1,1],nr23=[2,3],r=2,v=0): not supported [CUDA0] 
  SET_ROWS(type_src=f16,type_dst=f32,type_idx=i64,ne=[31,3,1,1],nr23=[2,3],r=2,v=0): not supported [CUDA0] 
  SET_ROWS(type_src=f16,type_dst=f32,type_idx=i64,ne=[33,5,1,1],nr23=[2,3],r=1,v=0): not supported [CUDA0] 
  SET_ROWS(type_src=f16,type_dst=f32,type_idx=i64,ne=[256,5,1,3],nr23=[1,1],r=1,v=1): not supported [CUDA0] 
  SET_ROWS(type_src=f16,type_dst=f32,type_idx=i64,ne=[256,11,1,1],nr23=[2,3],r=7,v=1): not supported [CUDA0] 
  SET_ROWS(type_src=f16,type_dst=f32,type_idx=i64,ne=[3,3,1,1],nr23=[2,3],r=2,v=1): not supported [CUDA0] 
  SET_ROWS(type_src=f16,type_dst=f32,type_idx=i64,ne=[31,3,1,1],nr23=[2,3],r=2,v=1): not supported [CUDA0] 
  SET_ROWS(type_src=f16,type_dst=f32,type_idx=i64,ne=[33,5,1,1],nr23=[2,3],r=1,v=1): not supported [CUDA0] 
  SET_ROWS(type_src=f16,type_dst=f32,type_idx=i64,ne=[256,5,7,3],nr23=[1,1],r=1,v=0): not supported [CUDA0] 
  SET_ROWS(type_src=f16,type_dst=f32,type_idx=i64,ne=[256,11,1,7],nr23=[2,3],r=7,v=0): not supported [CUDA0] 
  SET_ROWS(type_src=f16,type_dst=f32,type_idx=i64,ne=[3,3,7,1],nr23=[2,3],r=2,v=0): not supported [CUDA0] 
  SET_ROWS(type_src=f16,type_dst=f32,type_idx=i64,ne=[31,3,7,1],nr23=[2,3],r=2,v=0): not supported [CUDA0] 
  SET_ROWS(type_src=f16,type_dst=f32,type_idx=i64,ne=[33,5,1,7],nr23=[2,3],r=1,v=0): not supported [CUDA0] 
  SET_ROWS(type_src=f16,type_dst=f32,type_idx=i64,ne=[256,5,7,3],nr23=[1,1],r=1,v=1): not supported [CUDA0] 
  SET_ROWS(type_src=f16,type_dst=f32,type_idx=i64,ne=[256,11,1,7],nr23=[2,3],r=7,v=1): not supported [CUDA0] 
  SET_ROWS(type_src=f16,type_dst=f32,type_idx=i64,ne=[3,3,7,1],nr23=[2,3],r=2,v=1): not supported [CUDA0] 
  SET_ROWS(type_src=f16,type_dst=f32,type_idx=i64,ne=[31,3,7,1],nr23=[2,3],r=2,v=1): not supported [CUDA0] 
  SET_ROWS(type_src=f16,type_dst=f32,type_idx=i64,ne=[33,5,1,7],nr23=[2,3],r=1,v=1): not supported [CUDA0] 
  SET_ROWS(type_src=f16,type_dst=f16,type_idx=i64,ne=[256,5,1,3],nr23=[1,1],r=1,v=0): [1;32mOK[0m
  SET_ROWS(type_src=f16,type_dst=f16,type_idx=i64,ne=[256,11,1,1],nr23=[2,3],r=7,v=0): [1;32mOK[0m
  SET_ROWS(type_src=f16,type_dst=f16,type_idx=i64,ne=[3,3,1,1],nr23=[2,3],r=2,v=0): [1;32mOK[0m
  SET_ROWS(type_src=f16,type_dst=f16,type_idx=i64,ne=[31,3,1,1],nr23=[2,3],r=2,v=0): [1;32mOK[0m
  SET_ROWS(type_src=f16,type_dst=f16,type_idx=i64,ne=[33,5,1,1],nr23=[2,3],r=1,v=0): [1;32mOK[0m
  SET_ROWS(type_src=f16,type_dst=f16,type_idx=i64,ne=[256,5,1,3],nr23=[1,1],r=1,v=1): [1;32mOK[0m
  SET_ROWS(type_src=f16,type_dst=f16,type_idx=i64,ne=[256,11,1,1],nr23=[2,3],r=7,v=1): [1;32mOK[0m
  SET_ROWS(type_src=f16,type_dst=f16,type_idx=i64,ne=[3,3,1,1],nr23=[2,3],r=2,v=1): [1;32mOK[0m
  SET_ROWS(type_src=f16,type_dst=f16,type_idx=i64,ne=[31,3,1,1],nr23=[2,3],r=2,v=1): [1;32mOK[0m
  SET_ROWS(type_src=f16,type_dst=f16,type_idx=i64,ne=[33,5,1,1],nr23=[2,3],r=1,v=1): [1;32mOK[0m
  SET_ROWS(type_src=f16,type_dst=f16,type_idx=i64,ne=[256,5,7,3],nr23=[1,1],r=1,v=0): ggml_backend_cuda_graph_compute: CUDA graph warmup complete
[1;32mOK[0m
  SET_ROWS(type_src=f16,type_dst=f16,type_idx=i64,ne=[256,11,1,7],nr23=[2,3],r=7,v=0): ggml_backend_cuda_graph_compute: CUDA graph warmup reset
[1;32mOK[0m
  SET_ROWS(type_src=f16,type_dst=f16,type_idx=i64,ne=[3,3,7,1],nr23=[2,3],r=2,v=0): [1;32mOK[0m
  SET_ROWS(type_src=f16,type_dst=f16,type_idx=i64,ne=[31,3,7,1],nr23=[2,3],r=2,v=0): [1;32mOK[0m
  SET_ROWS(type_src=f16,type_dst=f16,type_idx=i64,ne=[33,5,1,7],nr23=[2,3],r=1,v=0): [1;32mOK[0m
  SET_ROWS(type_src=f16,type_dst=f16,type_idx=i64,ne=[256,5,7,3],nr23=[1,1],r=1,v=1): [1;32mOK[0m
  SET_ROWS(type_src=f16,type_dst=f16,type_idx=i64,ne=[256,11,1,7],nr23=[2,3],r=7,v=1): [1;32mOK[0m
  SET_ROWS(type_src=f16,type_dst=f16,type_idx=i64,ne=[3,3,7,1],nr23=[2,3],r=2,v=1): [1;32mOK[0m
  SET_ROWS(type_src=f16,type_dst=f16,type_idx=i64,ne=[31,3,7,1],nr23=[2,3],r=2,v=1): [1;32mOK[0m
  SET_ROWS(type_src=f16,type_dst=f16,type_idx=i64,ne=[33,5,1,7],nr23=[2,3],r=1,v=1): [1;32mOK[0m
  SET_ROWS(type_src=f16,type_dst=bf16,type_idx=i64,ne=[256,5,1,3],nr23=[1,1],r=1,v=0): not supported [CUDA0] 
  SET_ROWS(type_src=f16,type_dst=bf16,type_idx=i64,ne=[256,11,1,1],nr23=[2,3],r=7,v=0): not supported [CUDA0] 
  SET_ROWS(type_src=f16,type_dst=bf16,type_idx=i64,ne=[3,3,1,1],nr23=[2,3],r=2,v=0): not supported [CUDA0] 
  SET_ROWS(type_src=f16,type_dst=bf16,type_idx=i64,ne=[31,3,1,1],nr23=[2,3],r=2,v=0): not supported [CUDA0] 
  SET_ROWS(type_src=f16,type_dst=bf16,type_idx=i64,ne=[33,5,1,1],nr23=[2,3],r=1,v=0): not supported [CUDA0] 
  SET_ROWS(type_src=f16,type_dst=bf16,type_idx=i64,ne=[256,5,1,3],nr23=[1,1],r=1,v=1): not supported [CUDA0] 
  SET_ROWS(type_src=f16,type_dst=bf16,type_idx=i64,ne=[256,11,1,1],nr23=[2,3],r=7,v=1): not supported [CUDA0] 
  SET_ROWS(type_src=f16,type_dst=bf16,type_idx=i64,ne=[3,3,1,1],nr23=[2,3],r=2,v=1): not supported [CUDA0] 
  SET_ROWS(type_src=f16,type_dst=bf16,type_idx=i64,ne=[31,3,1,1],nr23=[2,3],r=2,v=1): not supported [CUDA0] 
  SET_ROWS(type_src=f16,type_dst=bf16,type_idx=i64,ne=[33,5,1,1],nr23=[2,3],r=1,v=1): not supported [CUDA0] 
  SET_ROWS(type_src=f16,type_dst=bf16,type_idx=i64,ne=[256,5,7,3],nr23=[1,1],r=1,v=0): not supported [CUDA0] 
  SET_ROWS(type_src=f16,type_dst=bf16,type_idx=i64,ne=[256,11,1,7],nr23=[2,3],r=7,v=0): not supported [CUDA0] 
  SET_ROWS(type_src=f16,type_dst=bf16,type_idx=i64,ne=[3,3,7,1],nr23=[2,3],r=2,v=0): not supported [CUDA0] 
  SET_ROWS(type_src=f16,type_dst=bf16,type_idx=i64,ne=[31,3,7,1],nr23=[2,3],r=2,v=0): not supported [CUDA0] 
  SET_ROWS(type_src=f16,type_dst=bf16,type_idx=i64,ne=[33,5,1,7],nr23=[2,3],r=1,v=0): not supported [CUDA0] 
  SET_ROWS(type_src=f16,type_dst=bf16,type_idx=i64,ne=[256,5,7,3],nr23=[1,1],r=1,v=1): not supported [CUDA0] 
  SET_ROWS(type_src=f16,type_dst=bf16,type_idx=i64,ne=[256,11,1,7],nr23=[2,3],r=7,v=1): not supported [CUDA0] 
  SET_ROWS(type_src=f16,type_dst=bf16,type_idx=i64,ne=[3,3,7,1],nr23=[2,3],r=2,v=1): not supported [CUDA0] 
  SET_ROWS(type_src=f16,type_dst=bf16,type_idx=i64,ne=[31,3,7,1],nr23=[2,3],r=2,v=1): not supported [CUDA0] 
  SET_ROWS(type_src=f16,type_dst=bf16,type_idx=i64,ne=[33,5,1,7],nr23=[2,3],r=1,v=1): not supported [CUDA0] 
  SET_ROWS(type_src=f16,type_dst=q4_0,type_idx=i64,ne=[256,5,1,3],nr23=[1,1],r=1,v=0): not supported [CUDA0] 
  SET_ROWS(type_src=f16,type_dst=q4_0,type_idx=i64,ne=[256,11,1,1],nr23=[2,3],r=7,v=0): not supported [CUDA0] 
  SET_ROWS(type_src=f16,type_dst=q4_0,type_idx=i64,ne=[96,3,1,1],nr23=[2,3],r=2,v=0): not supported [CUDA0] 
  SET_ROWS(type_src=f16,type_dst=q4_0,type_idx=i64,ne=[256,5,1,3],nr23=[1,1],r=1,v=1): not supported [CUDA0] 
  SET_ROWS(type_src=f16,type_dst=q4_0,type_idx=i64,ne=[256,11,1,1],nr23=[2,3],r=7,v=1): not supported [CUDA0] 
  SET_ROWS(type_src=f16,type_dst=q4_0,type_idx=i64,ne=[96,3,1,1],nr23=[2,3],r=2,v=1): not supported [CUDA0] 
  SET_ROWS(type_src=f16,type_dst=q4_0,type_idx=i64,ne=[256,5,7,3],nr23=[1,1],r=1,v=0): not supported [CUDA0] 
  SET_ROWS(type_src=f16,type_dst=q4_0,type_idx=i64,ne=[256,11,1,7],nr23=[2,3],r=7,v=0): not supported [CUDA0] 
  SET_ROWS(type_src=f16,type_dst=q4_0,type_idx=i64,ne=[96,3,7,1],nr23=[2,3],r=2,v=0): not supported [CUDA0] 
  SET_ROWS(type_src=f16,type_dst=q4_0,type_idx=i64,ne=[256,5,7,3],nr23=[1,1],r=1,v=1): not supported [CUDA0] 
  SET_ROWS(type_src=f16,type_dst=q4_0,type_idx=i64,ne=[256,11,1,7],nr23=[2,3],r=7,v=1): not supported [CUDA0] 
  SET_ROWS(type_src=f16,type_dst=q4_0,type_idx=i64,ne=[96,3,7,1],nr23=[2,3],r=2,v=1): not supported [CUDA0] 
  SET_ROWS(type_src=f16,type_dst=q4_1,type_idx=i64,ne=[256,5,1,3],nr23=[1,1],r=1,v=0): not supported [CUDA0] 
  SET_ROWS(type_src=f16,type_dst=q4_1,type_idx=i64,ne=[256,11,1,1],nr23=[2,3],r=7,v=0): not supported [CUDA0] 
  SET_ROWS(type_src=f16,type_dst=q4_1,type_idx=i64,ne=[96,3,1,1],nr23=[2,3],r=2,v=0): not supported [CUDA0] 
  SET_ROWS(type_src=f16,type_dst=q4_1,type_idx=i64,ne=[256,5,1,3],nr23=[1,1],r=1,v=1): not supported [CUDA0] 
  SET_ROWS(type_src=f16,type_dst=q4_1,type_idx=i64,ne=[256,11,1,1],nr23=[2,3],r=7,v=1): not supported [CUDA0] 
  SET_ROWS(type_src=f16,type_dst=q4_1,type_idx=i64,ne=[96,3,1,1],nr23=[2,3],r=2,v=1): not supported [CUDA0] 
  SET_ROWS(type_src=f16,type_dst=q4_1,type_idx=i64,ne=[256,5,7,3],nr23=[1,1],r=1,v=0): not supported [CUDA0] 
  SET_ROWS(type_src=f16,type_dst=q4_1,type_idx=i64,ne=[256,11,1,7],nr23=[2,3],r=7,v=0): not supported [CUDA0] 
  SET_ROWS(type_src=f16,type_dst=q4_1,type_idx=i64,ne=[96,3,7,1],nr23=[2,3],r=2,v=0): not supported [CUDA0] 
  SET_ROWS(type_src=f16,type_dst=q4_1,type_idx=i64,ne=[256,5,7,3],nr23=[1,1],r=1,v=1): not supported [CUDA0] 
  SET_ROWS(type_src=f16,type_dst=q4_1,type_idx=i64,ne=[256,11,1,7],nr23=[2,3],r=7,v=1): not supported [CUDA0] 
  SET_ROWS(type_src=f16,type_dst=q4_1,type_idx=i64,ne=[96,3,7,1],nr23=[2,3],r=2,v=1): not supported [CUDA0] 
  SET_ROWS(type_src=f16,type_dst=q5_0,type_idx=i64,ne=[256,5,1,3],nr23=[1,1],r=1,v=0): not supported [CUDA0] 
  SET_ROWS(type_src=f16,type_dst=q5_0,type_idx=i64,ne=[256,11,1,1],nr23=[2,3],r=7,v=0): not supported [CUDA0] 
  SET_ROWS(type_src=f16,type_dst=q5_0,type_idx=i64,ne=[96,3,1,1],nr23=[2,3],r=2,v=0): not supported [CUDA0] 
  SET_ROWS(type_src=f16,type_dst=q5_0,type_idx=i64,ne=[256,5,1,3],nr23=[1,1],r=1,v=1): not supported [CUDA0] 
  SET_ROWS(type_src=f16,type_dst=q5_0,type_idx=i64,ne=[256,11,1,1],nr23=[2,3],r=7,v=1): not supported [CUDA0] 
  SET_ROWS(type_src=f16,type_dst=q5_0,type_idx=i64,ne=[96,3,1,1],nr23=[2,3],r=2,v=1): not supported [CUDA0] 
  SET_ROWS(type_src=f16,type_dst=q5_0,type_idx=i64,ne=[256,5,7,3],nr23=[1,1],r=1,v=0): not supported [CUDA0] 
  SET_ROWS(type_src=f16,type_dst=q5_0,type_idx=i64,ne=[256,11,1,7],nr23=[2,3],r=7,v=0): not supported [CUDA0] 
  SET_ROWS(type_src=f16,type_dst=q5_0,type_idx=i64,ne=[96,3,7,1],nr23=[2,3],r=2,v=0): not supported [CUDA0] 
  SET_ROWS(type_src=f16,type_dst=q5_0,type_idx=i64,ne=[256,5,7,3],nr23=[1,1],r=1,v=1): not supported [CUDA0] 
  SET_ROWS(type_src=f16,type_dst=q5_0,type_idx=i64,ne=[256,11,1,7],nr23=[2,3],r=7,v=1): not supported [CUDA0] 
  SET_ROWS(type_src=f16,type_dst=q5_0,type_idx=i64,ne=[96,3,7,1],nr23=[2,3],r=2,v=1): not supported [CUDA0] 
  SET_ROWS(type_src=f16,type_dst=q5_1,type_idx=i64,ne=[256,5,1,3],nr23=[1,1],r=1,v=0): not supported [CUDA0] 
  SET_ROWS(type_src=f16,type_dst=q5_1,type_idx=i64,ne=[256,11,1,1],nr23=[2,3],r=7,v=0): not supported [CUDA0] 
  SET_ROWS(type_src=f16,type_dst=q5_1,type_idx=i64,ne=[96,3,1,1],nr23=[2,3],r=2,v=0): not supported [CUDA0] 
  SET_ROWS(type_src=f16,type_dst=q5_1,type_idx=i64,ne=[256,5,1,3],nr23=[1,1],r=1,v=1): not supported [CUDA0] 
  SET_ROWS(type_src=f16,type_dst=q5_1,type_idx=i64,ne=[256,11,1,1],nr23=[2,3],r=7,v=1): not supported [CUDA0] 
  SET_ROWS(type_src=f16,type_dst=q5_1,type_idx=i64,ne=[96,3,1,1],nr23=[2,3],r=2,v=1): not supported [CUDA0] 
  SET_ROWS(type_src=f16,type_dst=q5_1,type_idx=i64,ne=[256,5,7,3],nr23=[1,1],r=1,v=0): not supported [CUDA0] 
  SET_ROWS(type_src=f16,type_dst=q5_1,type_idx=i64,ne=[256,11,1,7],nr23=[2,3],r=7,v=0): not supported [CUDA0] 
  SET_ROWS(type_src=f16,type_dst=q5_1,type_idx=i64,ne=[96,3,7,1],nr23=[2,3],r=2,v=0): not supported [CUDA0] 
  SET_ROWS(type_src=f16,type_dst=q5_1,type_idx=i64,ne=[256,5,7,3],nr23=[1,1],r=1,v=1): not supported [CUDA0] 
  SET_ROWS(type_src=f16,type_dst=q5_1,type_idx=i64,ne=[256,11,1,7],nr23=[2,3],r=7,v=1): not supported [CUDA0] 
  SET_ROWS(type_src=f16,type_dst=q5_1,type_idx=i64,ne=[96,3,7,1],nr23=[2,3],r=2,v=1): not supported [CUDA0] 
  SET_ROWS(type_src=f16,type_dst=q8_0,type_idx=i64,ne=[256,5,1,3],nr23=[1,1],r=1,v=0): not supported [CUDA0] 
  SET_ROWS(type_src=f16,type_dst=q8_0,type_idx=i64,ne=[256,11,1,1],nr23=[2,3],r=7,v=0): not supported [CUDA0] 
  SET_ROWS(type_src=f16,type_dst=q8_0,type_idx=i64,ne=[96,3,1,1],nr23=[2,3],r=2,v=0): not supported [CUDA0] 
  SET_ROWS(type_src=f16,type_dst=q8_0,type_idx=i64,ne=[256,5,1,3],nr23=[1,1],r=1,v=1): not supported [CUDA0] 
  SET_ROWS(type_src=f16,type_dst=q8_0,type_idx=i64,ne=[256,11,1,1],nr23=[2,3],r=7,v=1): not supported [CUDA0] 
  SET_ROWS(type_src=f16,type_dst=q8_0,type_idx=i64,ne=[96,3,1,1],nr23=[2,3],r=2,v=1): not supported [CUDA0] 
  SET_ROWS(type_src=f16,type_dst=q8_0,type_idx=i64,ne=[256,5,7,3],nr23=[1,1],r=1,v=0): not supported [CUDA0] 
  SET_ROWS(type_src=f16,type_dst=q8_0,type_idx=i64,ne=[256,11,1,7],nr23=[2,3],r=7,v=0): not supported [CUDA0] 
  SET_ROWS(type_src=f16,type_dst=q8_0,type_idx=i64,ne=[96,3,7,1],nr23=[2,3],r=2,v=0): not supported [CUDA0] 
  SET_ROWS(type_src=f16,type_dst=q8_0,type_idx=i64,ne=[256,5,7,3],nr23=[1,1],r=1,v=1): not supported [CUDA0] 
  SET_ROWS(type_src=f16,type_dst=q8_0,type_idx=i64,ne=[256,11,1,7],nr23=[2,3],r=7,v=1): not supported [CUDA0] 
  SET_ROWS(type_src=f16,type_dst=q8_0,type_idx=i64,ne=[96,3,7,1],nr23=[2,3],r=2,v=1): not supported [CUDA0] 
  SET_ROWS(type_src=f16,type_dst=q1_0,type_idx=i64,ne=[256,5,1,3],nr23=[1,1],r=1,v=0): not supported [CUDA0] 
  SET_ROWS(type_src=f16,type_dst=q1_0,type_idx=i64,ne=[256,11,1,1],nr23=[2,3],r=7,v=0): not supported [CUDA0] 
  SET_ROWS(type_src=f16,type_dst=q1_0,type_idx=i64,ne=[384,3,1,1],nr23=[2,3],r=2,v=0): not supported [CUDA0] 
  SET_ROWS(type_src=f16,type_dst=q1_0,type_idx=i64,ne=[256,5,1,3],nr23=[1,1],r=1,v=1): not supported [CUDA0] 
  SET_ROWS(type_src=f16,type_dst=q1_0,type_idx=i64,ne=[256,11,1,1],nr23=[2,3],r=7,v=1): not supported [CUDA0] 
  SET_ROWS(type_src=f16,type_dst=q1_0,type_idx=i64,ne=[384,3,1,1],nr23=[2,3],r=2,v=1): not supported [CUDA0] 
  SET_ROWS(type_src=f16,type_dst=q1_0,type_idx=i64,ne=[256,5,7,3],nr23=[1,1],r=1,v=0): not supported [CUDA0] 
  SET_ROWS(type_src=f16,type_dst=q1_0,type_idx=i64,ne=[256,11,1,7],nr23=[2,3],r=7,v=0): not supported [CUDA0] 
  SET_ROWS(type_src=f16,type_dst=q1_0,type_idx=i64,ne=[384,3,7,1],nr23=[2,3],r=2,v=0): not supported [CUDA0] 
  SET_ROWS(type_src=f16,type_dst=q1_0,type_idx=i64,ne=[256,5,7,3],nr23=[1,1],r=1,v=1): not supported [CUDA0] 
  SET_ROWS(type_src=f16,type_dst=q1_0,type_idx=i64,ne=[256,11,1,7],nr23=[2,3],r=7,v=1): not supported [CUDA0] 
  SET_ROWS(type_src=f16,type_dst=q1_0,type_idx=i64,ne=[384,3,7,1],nr23=[2,3],r=2,v=1): not supported [CUDA0] 
  SET_ROWS(type_src=f16,type_dst=q2_0,type_idx=i64,ne=[256,5,1,3],nr23=[1,1],r=1,v=0): not supported [CUDA0] 
  SET_ROWS(type_src=f16,type_dst=q2_0,type_idx=i64,ne=[256,11,1,1],nr23=[2,3],r=7,v=0): not supported [CUDA0] 
  SET_ROWS(type_src=f16,type_dst=q2_0,type_idx=i64,ne=[192,3,1,1],nr23=[2,3],r=2,v=0): not supported [CUDA0] 
  SET_ROWS(type_src=f16,type_dst=q2_0,type_idx=i64,ne=[256,5,1,3],nr23=[1,1],r=1,v=1): not supported [CUDA0] 
  SET_ROWS(type_src=f16,type_dst=q2_0,type_idx=i64,ne=[256,11,1,1],nr23=[2,3],r=7,v=1): not supported [CUDA0] 
  SET_ROWS(type_src=f16,type_dst=q2_0,type_idx=i64,ne=[192,3,1,1],nr23=[2,3],r=2,v=1): not supported [CUDA0] 
  SET_ROWS(type_src=f16,type_dst=q2_0,type_idx=i64,ne=[256,5,7,3],nr23=[1,1],r=1,v=0): not supported [CUDA0] 
  SET_ROWS(type_src=f16,type_dst=q2_0,type_idx=i64,ne=[256,11,1,7],nr23=[2,3],r=7,v=0): not supported [CUDA0] 
  SET_ROWS(type_src=f16,type_dst=q2_0,type_idx=i64,ne=[192,3,7,1],nr23=[2,3],r=2,v=0): not supported [CUDA0] 
  SET_ROWS(type_src=f16,type_dst=q2_0,type_idx=i64,ne=[256,5,7,3],nr23=[1,1],r=1,v=1): not supported [CUDA0] 
  SET_ROWS(type_src=f16,type_dst=q2_0,type_idx=i64,ne=[256,11,1,7],nr23=[2,3],r=7,v=1): not supported [CUDA0] 
  SET_ROWS(type_src=f16,type_dst=q2_0,type_idx=i64,ne=[192,3,7,1],nr23=[2,3],r=2,v=1): not supported [CUDA0] 
  SET_ROWS(type_src=f16,type_dst=mxfp4,type_idx=i64,ne=[256,5,1,3],nr23=[1,1],r=1,v=0): not supported [CUDA0] 
  SET_ROWS(type_src=f16,type_dst=mxfp4,type_idx=i64,ne=[256,11,1,1],nr23=[2,3],r=7,v=0): not supported [CUDA0] 
  SET_ROWS(type_src=f16,type_dst=mxfp4,type_idx=i64,ne=[96,3,1,1],nr23=[2,3],r=2,v=0): not supported [CUDA0] 
  SET_ROWS(type_src=f16,type_dst=mxfp4,type_idx=i64,ne=[256,5,1,3],nr23=[1,1],r=1,v=1): not supported [CUDA0] 
  SET_ROWS(type_src=f16,type_dst=mxfp4,type_idx=i64,ne=[256,11,1,1],nr23=[2,3],r=7,v=1): not supported [CUDA0] 
  SET_ROWS(type_src=f16,type_dst=mxfp4,type_idx=i64,ne=[96,3,1,1],nr23=[2,3],r=2,v=1): not supported [CUDA0] 
  SET_ROWS(type_src=f16,type_dst=mxfp4,type_idx=i64,ne=[256,5,7,3],nr23=[1,1],r=1,v=0): not supported [CUDA0] 
  SET_ROWS(type_src=f16,type_dst=mxfp4,type_idx=i64,ne=[256,11,1,7],nr23=[2,3],r=7,v=0): not supported [CUDA0] 
  SET_ROWS(type_src=f16,type_dst=mxfp4,type_idx=i64,ne=[96,3,7,1],nr23=[2,3],r=2,v=0): not supported [CUDA0] 
  SET_ROWS(type_src=f16,type_dst=mxfp4,type_idx=i64,ne=[256,5,7,3],nr23=[1,1],r=1,v=1): not supported [CUDA0] 
  SET_ROWS(type_src=f16,type_dst=mxfp4,type_idx=i64,ne=[256,11,1,7],nr23=[2,3],r=7,v=1): not supported [CUDA0] 
  SET_ROWS(type_src=f16,type_dst=mxfp4,type_idx=i64,ne=[96,3,7,1],nr23=[2,3],r=2,v=1): not supported [CUDA0] 
  SET_ROWS(type_src=f16,type_dst=nvfp4,type_idx=i64,ne=[256,5,1,3],nr23=[1,1],r=1,v=0): not supported [CUDA0] 
  SET_ROWS(type_src=f16,type_dst=nvfp4,type_idx=i64,ne=[256,11,1,1],nr23=[2,3],r=7,v=0): not supported [CUDA0] 
  SET_ROWS(type_src=f16,type_dst=nvfp4,type_idx=i64,ne=[192,3,1,1],nr23=[2,3],r=2,v=0): not supported [CUDA0] 
  SET_ROWS(type_src=f16,type_dst=nvfp4,type_idx=i64,ne=[256,5,1,3],nr23=[1,1],r=1,v=1): not supported [CUDA0] 
  SET_ROWS(type_src=f16,type_dst=nvfp4,type_idx=i64,ne=[256,11,1,1],nr23=[2,3],r=7,v=1): not supported [CUDA0] 
  SET_ROWS(type_src=f16,type_dst=nvfp4,type_idx=i64,ne=[192,3,1,1],nr23=[2,3],r=2,v=1): not supported [CUDA0] 
  SET_ROWS(type_src=f16,type_dst=nvfp4,type_idx=i64,ne=[256,5,7,3],nr23=[1,1],r=1,v=0): not supported [CUDA0] 
  SET_ROWS(type_src=f16,type_dst=nvfp4,type_idx=i64,ne=[256,11,1,7],nr23=[2,3],r=7,v=0): not supported [CUDA0] 
  SET_ROWS(type_src=f16,type_dst=nvfp4,type_idx=i64,ne=[192,3,7,1],nr23=[2,3],r=2,v=0): not supported [CUDA0] 
  SET_ROWS(type_src=f16,type_dst=nvfp4,type_idx=i64,ne=[256,5,7,3],nr23=[1,1],r=1,v=1): not supported [CUDA0] 
  SET_ROWS(type_src=f16,type_dst=nvfp4,type_idx=i64,ne=[256,11,1,7],nr23=[2,3],r=7,v=1): not supported [CUDA0] 
  SET_ROWS(type_src=f16,type_dst=nvfp4,type_idx=i64,ne=[192,3,7,1],nr23=[2,3],r=2,v=1): not supported [CUDA0] 
  SET_ROWS(type_src=f16,type_dst=q2_K,type_idx=i64,ne=[256,5,1,3],nr23=[1,1],r=1,v=0): not supported [CUDA0] 
  SET_ROWS(type_src=f16,type_dst=q2_K,type_idx=i64,ne=[256,11,1,1],nr23=[2,3],r=7,v=0): not supported [CUDA0] 
  SET_ROWS(type_src=f16,type_dst=q2_K,type_idx=i64,ne=[768,3,1,1],nr23=[2,3],r=2,v=0): not supported [CUDA0] 
  SET_ROWS(type_src=f16,type_dst=q2_K,type_idx=i64,ne=[256,5,1,3],nr23=[1,1],r=1,v=1): not supported [CUDA0] 
  SET_ROWS(type_src=f16,type_dst=q2_K,type_idx=i64,ne=[256,11,1,1],nr23=[2,3],r=7,v=1): not supported [CUDA0] 
  SET_ROWS(type_src=f16,type_dst=q2_K,type_idx=i64,ne=[768,3,1,1],nr23=[2,3],r=2,v=1): not supported [CUDA0] 
  SET_ROWS(type_src=f16,type_dst=q2_K,type_idx=i64,ne=[256,5,7,3],nr23=[1,1],r=1,v=0): not supported [CUDA0] 
  SET_ROWS(type_src=f16,type_dst=q2_K,type_idx=i64,ne=[256,11,1,7],nr23=[2,3],r=7,v=0): not supported [CUDA0] 
  SET_ROWS(type_src=f16,type_dst=q2_K,type_idx=i64,ne=[768,3,7,1],nr23=[2,3],r=2,v=0): not supported [CUDA0] 
  SET_ROWS(type_src=f16,type_dst=q2_K,type_idx=i64,ne=[256,5,7,3],nr23=[1,1],r=1,v=1): not supported [CUDA0] 
  SET_ROWS(type_src=f16,type_dst=q2_K,type_idx=i64,ne=[256,11,1,7],nr23=[2,3],r=7,v=1): not supported [CUDA0] 
  SET_ROWS(type_src=f16,type_dst=q2_K,type_idx=i64,ne=[768,3,7,1],nr23=[2,3],r=2,v=1): not supported [CUDA0] 
  SET_ROWS(type_src=f16,type_dst=q3_K,type_idx=i64,ne=[256,5,1,3],nr23=[1,1],r=1,v=0): not supported [CUDA0] 
  SET_ROWS(type_src=f16,type_dst=q3_K,type_idx=i64,ne=[256,11,1,1],nr23=[2,3],r=7,v=0): not supported [CUDA0] 
  SET_ROWS(type_src=f16,type_dst=q3_K,type_idx=i64,ne=[768,3,1,1],nr23=[2,3],r=2,v=0): not supported [CUDA0] 
  SET_ROWS(type_src=f16,type_dst=q3_K,type_idx=i64,ne=[256,5,1,3],nr23=[1,1],r=1,v=1): not supported [CUDA0] 
  SET_ROWS(type_src=f16,type_dst=q3_K,type_idx=i64,ne=[256,11,1,1],nr23=[2,3],r=7,v=1): not supported [CUDA0] 
  SET_ROWS(type_src=f16,type_dst=q3_K,type_idx=i64,ne=[768,3,1,1],nr23=[2,3],r=2,v=1): not supported [CUDA0] 
  SET_ROWS(type_src=f16,type_dst=q3_K,type_idx=i64,ne=[256,5,7,3],nr23=[1,1],r=1,v=0): not supported [CUDA0] 
  SET_ROWS(type_src=f16,type_dst=q3_K,type_idx=i64,ne=[256,11,1,7],nr23=[2,3],r=7,v=0): not supported [CUDA0] 
  SET_ROWS(type_src=f16,type_dst=q3_K,type_idx=i64,ne=[768,3,7,1],nr23=[2,3],r=2,v=0): not supported [CUDA0] 
  SET_ROWS(type_src=f16,type_dst=q3_K,type_idx=i64,ne=[256,5,7,3],nr23=[1,1],r=1,v=1): not supported [CUDA0] 
  SET_ROWS(type_src=f16,type_dst=q3_K,type_idx=i64,ne=[256,11,1,7],nr23=[2,3],r=7,v=1): not supported [CUDA0] 
  SET_ROWS(type_src=f16,type_dst=q3_K,type_idx=i64,ne=[768,3,7,1],nr23=[2,3],r=2,v=1): not supported [CUDA0] 
  SET_ROWS(type_src=f16,type_dst=q4_K,type_idx=i64,ne=[256,5,1,3],nr23=[1,1],r=1,v=0): not supported [CUDA0] 
  SET_ROWS(type_src=f16,type_dst=q4_K,type_idx=i64,ne=[256,11,1,1],nr23=[2,3],r=7,v=0): not supported [CUDA0] 
  SET_ROWS(type_src=f16,type_dst=q4_K,type_idx=i64,ne=[768,3,1,1],nr23=[2,3],r=2,v=0): not supported [CUDA0] 
  SET_ROWS(type_src=f16,type_dst=q4_K,type_idx=i64,ne=[256,5,1,3],nr23=[1,1],r=1,v=1): not supported [CUDA0] 
  SET_ROWS(type_src=f16,type_dst=q4_K,type_idx=i64,ne=[256,11,1,1],nr23=[2,3],r=7,v=1): not supported [CUDA0] 
  SET_ROWS(type_src=f16,type_dst=q4_K,type_idx=i64,ne=[768,3,1,1],nr23=[2,3],r=2,v=1): not supported [CUDA0] 
  SET_ROWS(type_src=f16,type_dst=q4_K,type_idx=i64,ne=[256,5,7,3],nr23=[1,1],r=1,v=0): not supported [CUDA0] 
  SET_ROWS(type_src=f16,type_dst=q4_K,type_idx=i64,ne=[256,11,1,7],nr23=[2,3],r=7,v=0): not supported [CUDA0] 
  SET_ROWS(type_src=f16,type_dst=q4_K,type_idx=i64,ne=[768,3,7,1],nr23=[2,3],r=2,v=0): not supported [CUDA0] 
  SET_ROWS(type_src=f16,type_dst=q4_K,type_idx=i64,ne=[256,5,7,3],nr23=[1,1],r=1,v=1): not supported [CUDA0] 
  SET_ROWS(type_src=f16,type_dst=q4_K,type_idx=i64,ne=[256,11,1,7],nr23=[2,3],r=7,v=1): not supported [CUDA0] 
  SET_ROWS(type_src=f16,type_dst=q4_K,type_idx=i64,ne=[768,3,7,1],nr23=[2,3],r=2,v=1): not supported [CUDA0] 
  SET_ROWS(type_src=f16,type_dst=q5_K,type_idx=i64,ne=[256,5,1,3],nr23=[1,1],r=1,v=0): not supported [CUDA0] 
  SET_ROWS(type_src=f16,type_dst=q5_K,type_idx=i64,ne=[256,11,1,1],nr23=[2,3],r=7,v=0): not supported [CUDA0] 
  SET_ROWS(type_src=f16,type_dst=q5_K,type_idx=i64,ne=[768,3,1,1],nr23=[2,3],r=2,v=0): not supported [CUDA0] 
  SET_ROWS(type_src=f16,type_dst=q5_K,type_idx=i64,ne=[256,5,1,3],nr23=[1,1],r=1,v=1): not supported [CUDA0] 
  SET_ROWS(type_src=f16,type_dst=q5_K,type_idx=i64,ne=[256,11,1,1],nr23=[2,3],r=7,v=1): not supported [CUDA0] 
  SET_ROWS(type_src=f16,type_dst=q5_K,type_idx=i64,ne=[768,3,1,1],nr23=[2,3],r=2,v=1): not supported [CUDA0] 
  SET_ROWS(type_src=f16,type_dst=q5_K,type_idx=i64,ne=[256,5,7,3],nr23=[1,1],r=1,v=0): not supported [CUDA0] 
  SET_ROWS(type_src=f16,type_dst=q5_K,type_idx=i64,ne=[256,11,1,7],nr23=[2,3],r=7,v=0): not supported [CUDA0] 
  SET_ROWS(type_src=f16,type_dst=q5_K,type_idx=i64,ne=[768,3,7,1],nr23=[2,3],r=2,v=0): not supported [CUDA0] 
  SET_ROWS(type_src=f16,type_dst=q5_K,type_idx=i64,ne=[256,5,7,3],nr23=[1,1],r=1,v=1): not supported [CUDA0] 
  SET_ROWS(type_src=f16,type_dst=q5_K,type_idx=i64,ne=[256,11,1,7],nr23=[2,3],r=7,v=1): not supported [CUDA0] 
  SET_ROWS(type_src=f16,type_dst=q5_K,type_idx=i64,ne=[768,3,7,1],nr23=[2,3],r=2,v=1): not supported [CUDA0] 
  SET_ROWS(type_src=f16,type_dst=q6_K,type_idx=i64,ne=[256,5,1,3],nr23=[1,1],r=1,v=0): not supported [CUDA0] 
  SET_ROWS(type_src=f16,type_dst=q6_K,type_idx=i64,ne=[256,11,1,1],nr23=[2,3],r=7,v=0): not supported [CUDA0] 
  SET_ROWS(type_src=f16,type_dst=q6_K,type_idx=i64,ne=[768,3,1,1],nr23=[2,3],r=2,v=0): not supported [CUDA0] 
  SET_ROWS(type_src=f16,type_dst=q6_K,type_idx=i64,ne=[256,5,1,3],nr23=[1,1],r=1,v=1): not supported [CUDA0] 
  SET_ROWS(type_src=f16,type_dst=q6_K,type_idx=i64,ne=[256,11,1,1],nr23=[2,3],r=7,v=1): not supported [CUDA0] 
  SET_ROWS(type_src=f16,type_dst=q6_K,type_idx=i64,ne=[768,3,1,1],nr23=[2,3],r=2,v=1): not supported [CUDA0] 
  SET_ROWS(type_src=f16,type_dst=q6_K,type_idx=i64,ne=[256,5,7,3],nr23=[1,1],r=1,v=0): not supported [CUDA0] 
  SET_ROWS(type_src=f16,type_dst=q6_K,type_idx=i64,ne=[256,11,1,7],nr23=[2,3],r=7,v=0): not supported [CUDA0] 
  SET_ROWS(type_src=f16,type_dst=q6_K,type_idx=i64,ne=[768,3,7,1],nr23=[2,3],r=2,v=0): not supported [CUDA0] 
  SET_ROWS(type_src=f16,type_dst=q6_K,type_idx=i64,ne=[256,5,7,3],nr23=[1,1],r=1,v=1): not supported [CUDA0] 
  SET_ROWS(type_src=f16,type_dst=q6_K,type_idx=i64,ne=[256,11,1,7],nr23=[2,3],r=7,v=1): not supported [CUDA0] 
  SET_ROWS(type_src=f16,type_dst=q6_K,type_idx=i64,ne=[768,3,7,1],nr23=[2,3],r=2,v=1): not supported [CUDA0] 
  SET_ROWS(type_src=f16,type_dst=tq2_0,type_idx=i64,ne=[256,5,1,3],nr23=[1,1],r=1,v=0): not supported [CUDA0] 
  SET_ROWS(type_src=f16,type_dst=tq2_0,type_idx=i64,ne=[256,11,1,1],nr23=[2,3],r=7,v=0): not supported [CUDA0] 
  SET_ROWS(type_src=f16,type_dst=tq2_0,type_idx=i64,ne=[768,3,1,1],nr23=[2,3],r=2,v=0): not supported [CUDA0] 
  SET_ROWS(type_src=f16,type_dst=tq2_0,type_idx=i64,ne=[256,5,1,3],nr23=[1,1],r=1,v=1): not supported [CUDA0] 
  SET_ROWS(type_src=f16,type_dst=tq2_0,type_idx=i64,ne=[256,11,1,1],nr23=[2,3],r=7,v=1): not supported [CUDA0] 
  SET_ROWS(type_src=f16,type_dst=tq2_0,type_idx=i64,ne=[768,3,1,1],nr23=[2,3],r=2,v=1): not supported [CUDA0] 
  SET_ROWS(type_src=f16,type_dst=tq2_0,type_idx=i64,ne=[256,5,7,3],nr23=[1,1],r=1,v=0): not supported [CUDA0] 
  SET_ROWS(type_src=f16,type_dst=tq2_0,type_idx=i64,ne=[256,11,1,7],nr23=[2,3],r=7,v=0): not supported [CUDA0] 
  SET_ROWS(type_src=f16,type_dst=tq2_0,type_idx=i64,ne=[768,3,7,1],nr23=[2,3],r=2,v=0): not supported [CUDA0] 
  SET_ROWS(type_src=f16,type_dst=tq2_0,type_idx=i64,ne=[256,5,7,3],nr23=[1,1],r=1,v=1): not supported [CUDA0] 
  SET_ROWS(type_src=f16,type_dst=tq2_0,type_idx=i64,ne=[256,11,1,7],nr23=[2,3],r=7,v=1): not supported [CUDA0] 
  SET_ROWS(type_src=f16,type_dst=tq2_0,type_idx=i64,ne=[768,3,7,1],nr23=[2,3],r=2,v=1): not supported [CUDA0] 
  SET_ROWS(type_src=f16,type_dst=iq2_xxs,type_idx=i64,ne=[256,5,1,3],nr23=[1,1],r=1,v=0): not supported [CUDA0, CPU] 
  SET_ROWS(type_src=f16,type_dst=iq2_xxs,type_idx=i64,ne=[256,11,1,1],nr23=[2,3],r=7,v=0): not supported [CUDA0, CPU] 
  SET_ROWS(type_src=f16,type_dst=iq2_xxs,type_idx=i64,ne=[768,3,1,1],nr23=[2,3],r=2,v=0): not supported [CUDA0, CPU] 
  SET_ROWS(type_src=f16,type_dst=iq2_xxs,type_idx=i64,ne=[256,5,1,3],nr23=[1,1],r=1,v=1): not supported [CUDA0, CPU] 
  SET_ROWS(type_src=f16,type_dst=iq2_xxs,type_idx=i64,ne=[256,11,1,1],nr23=[2,3],r=7,v=1): not supported [CUDA0, CPU] 
  SET_ROWS(type_src=f16,type_dst=iq2_xxs,type_idx=i64,ne=[768,3,1,1],nr23=[2,3],r=2,v=1): not supported [CUDA0, CPU] 
  SET_ROWS(type_src=f16,type_dst=iq2_xxs,type_idx=i64,ne=[256,5,7,3],nr23=[1,1],r=1,v=0): not supported [CUDA0, CPU] 
  SET_ROWS(type_src=f16,type_dst=iq2_xxs,type_idx=i64,ne=[256,11,1,7],nr23=[2,3],r=7,v=0): not supported [CUDA0, CPU] 
  SET_ROWS(type_src=f16,type_dst=iq2_xxs,type_idx=i64,ne=[768,3,7,1],nr23=[2,3],r=2,v=0): not supported [CUDA0, CPU] 
  SET_ROWS(type_src=f16,type_dst=iq2_xxs,type_idx=i64,ne=[256,5,7,3],nr23=[1,1],r=1,v=1): not supported [CUDA0, CPU] 
  SET_ROWS(type_src=f16,type_dst=iq2_xxs,type_idx=i64,ne=[256,11,1,7],nr23=[2,3],r=7,v=1): not supported [CUDA0, CPU] 
  SET_ROWS(type_src=f16,type_dst=iq2_xxs,type_idx=i64,ne=[768,3,7,1],nr23=[2,3],r=2,v=1): not supported [CUDA0, CPU] 
  SET_ROWS(type_src=f16,type_dst=iq2_xs,type_idx=i64,ne=[256,5,1,3],nr23=[1,1],r=1,v=0): not supported [CUDA0, CPU] 
  SET_ROWS(type_src=f16,type_dst=iq2_xs,type_idx=i64,ne=[256,11,1,1],nr23=[2,3],r=7,v=0): not supported [CUDA0, CPU] 
  SET_ROWS(type_src=f16,type_dst=iq2_xs,type_idx=i64,ne=[768,3,1,1],nr23=[2,3],r=2,v=0): not supported [CUDA0, CPU] 
  SET_ROWS(type_src=f16,type_dst=iq2_xs,type_idx=i64,ne=[256,5,1,3],nr23=[1,1],r=1,v=1): not supported [CUDA0, CPU] 
  SET_ROWS(type_src=f16,type_dst=iq2_xs,type_idx=i64,ne=[256,11,1,1],nr23=[2,3],r=7,v=1): not supported [CUDA0, CPU] 
  SET_ROWS(type_src=f16,type_dst=iq2_xs,type_idx=i64,ne=[768,3,1,1],nr23=[2,3],r=2,v=1): not supported [CUDA0, CPU] 
  SET_ROWS(type_src=f16,type_dst=iq2_xs,type_idx=i64,ne=[256,5,7,3],nr23=[1,1],r=1,v=0): not supported [CUDA0, CPU] 
  SET_ROWS(type_src=f16,type_dst=iq2_xs,type_idx=i64,ne=[256,11,1,7],nr23=[2,3],r=7,v=0): not supported [CUDA0, CPU] 
  SET_ROWS(type_src=f16,type_dst=iq2_xs,type_idx=i64,ne=[768,3,7,1],nr23=[2,3],r=2,v=0): not supported [CUDA0, CPU] 
  SET_ROWS(type_src=f16,type_dst=iq2_xs,type_idx=i64,ne=[256,5,7,3],nr23=[1,1],r=1,v=1): not supported [CUDA0, CPU] 
  SET_ROWS(type_src=f16,type_dst=iq2_xs,type_idx=i64,ne=[256,11,1,7],nr23=[2,3],r=7,v=1): not supported [CUDA0, CPU] 
  SET_ROWS(type_src=f16,type_dst=iq2_xs,type_idx=i64,ne=[768,3,7,1],nr23=[2,3],r=2,v=1): not supported [CUDA0, CPU] 
  SET_ROWS(type_src=f16,type_dst=iq2_s,type_idx=i64,ne=[256,5,1,3],nr23=[1,1],r=1,v=0): not supported [CUDA0, CPU] 
  SET_ROWS(type_src=f16,type_dst=iq2_s,type_idx=i64,ne=[256,11,1,1],nr23=[2,3],r=7,v=0): not supported [CUDA0, CPU] 
  SET_ROWS(type_src=f16,type_dst=iq2_s,type_idx=i64,ne=[768,3,1,1],nr23=[2,3],r=2,v=0): not supported [CUDA0, CPU] 
  SET_ROWS(type_src=f16,type_dst=iq2_s,type_idx=i64,ne=[256,5,1,3],nr23=[1,1],r=1,v=1): not supported [CUDA0, CPU] 
  SET_ROWS(type_src=f16,type_dst=iq2_s,type_idx=i64,ne=[256,11,1,1],nr23=[2,3],r=7,v=1): not supported [CUDA0, CPU] 
  SET_ROWS(type_src=f16,type_dst=iq2_s,type_idx=i64,ne=[768,3,1,1],nr23=[2,3],r=2,v=1): not supported [CUDA0, CPU] 
  SET_ROWS(type_src=f16,type_dst=iq2_s,type_idx=i64,ne=[256,5,7,3],nr23=[1,1],r=1,v=0): not supported [CUDA0, CPU] 
  SET_ROWS(type_src=f16,type_dst=iq2_s,type_idx=i64,ne=[256,11,1,7],nr23=[2,3],r=7,v=0): not supported [CUDA0, CPU] 
  SET_ROWS(type_src=f16,type_dst=iq2_s,type_idx=i64,ne=[768,3,7,1],nr23=[2,3],r=2,v=0): not supported [CUDA0, CPU] 
  SET_ROWS(type_src=f16,type_dst=iq2_s,type_idx=i64,ne=[256,5,7,3],nr23=[1,1],r=1,v=1): not supported [CUDA0, CPU] 
  SET_ROWS(type_src=f16,type_dst=iq2_s,type_idx=i64,ne=[256,11,1,7],nr23=[2,3],r=7,v=1): not supported [CUDA0, CPU] 
  SET_ROWS(type_src=f16,type_dst=iq2_s,type_idx=i64,ne=[768,3,7,1],nr23=[2,3],r=2,v=1): not supported [CUDA0, CPU] 
  SET_ROWS(type_src=f16,type_dst=iq3_xxs,type_idx=i64,ne=[256,5,1,3],nr23=[1,1],r=1,v=0): not supported [CUDA0, CPU] 
  SET_ROWS(type_src=f16,type_dst=iq3_xxs,type_idx=i64,ne=[256,11,1,1],nr23=[2,3],r=7,v=0): not supported [CUDA0, CPU] 
  SET_ROWS(type_src=f16,type_dst=iq3_xxs,type_idx=i64,ne=[768,3,1,1],nr23=[2,3],r=2,v=0): not supported [CUDA0, CPU] 
  SET_ROWS(type_src=f16,type_dst=iq3_xxs,type_idx=i64,ne=[256,5,1,3],nr23=[1,1],r=1,v=1): not supported [CUDA0, CPU] 
  SET_ROWS(type_src=f16,type_dst=iq3_xxs,type_idx=i64,ne=[256,11,1,1],nr23=[2,3],r=7,v=1): not supported [CUDA0, CPU] 
  SET_ROWS(type_src=f16,type_dst=iq3_xxs,type_idx=i64,ne=[768,3,1,1],nr23=[2,3],r=2,v=1): not supported [CUDA0, CPU] 
  SET_ROWS(type_src=f16,type_dst=iq3_xxs,type_idx=i64,ne=[256,5,7,3],nr23=[1,1],r=1,v=0): not supported [CUDA0, CPU] 
  SET_ROWS(type_src=f16,type_dst=iq3_xxs,type_idx=i64,ne=[256,11,1,7],nr23=[2,3],r=7,v=0): not supported [CUDA0, CPU] 
  SET_ROWS(type_src=f16,type_dst=iq3_xxs,type_idx=i64,ne=[768,3,7,1],nr23=[2,3],r=2,v=0): not supported [CUDA0, CPU] 
  SET_ROWS(type_src=f16,type_dst=iq3_xxs,type_idx=i64,ne=[256,5,7,3],nr23=[1,1],r=1,v=1): not supported [CUDA0, CPU] 
  SET_ROWS(type_src=f16,type_dst=iq3_xxs,type_idx=i64,ne=[256,11,1,7],nr23=[2,3],r=7,v=1): not supported [CUDA0, CPU] 
  SET_ROWS(type_src=f16,type_dst=iq3_xxs,type_idx=i64,ne=[768,3,7,1],nr23=[2,3],r=2,v=1): not supported [CUDA0, CPU] 
  SET_ROWS(type_src=f16,type_dst=iq1_s,type_idx=i64,ne=[256,5,1,3],nr23=[1,1],r=1,v=0): not supported [CUDA0, CPU] 
  SET_ROWS(type_src=f16,type_dst=iq1_s,type_idx=i64,ne=[256,11,1,1],nr23=[2,3],r=7,v=0): not supported [CUDA0, CPU] 
  SET_ROWS(type_src=f16,type_dst=iq1_s,type_idx=i64,ne=[768,3,1,1],nr23=[2,3],r=2,v=0): not supported [CUDA0, CPU] 
  SET_ROWS(type_src=f16,type_dst=iq1_s,type_idx=i64,ne=[256,5,1,3],nr23=[1,1],r=1,v=1): not supported [CUDA0, CPU] 
  SET_ROWS(type_src=f16,type_dst=iq1_s,type_idx=i64,ne=[256,11,1,1],nr23=[2,3],r=7,v=1): not supported [CUDA0, CPU] 
  SET_ROWS(type_src=f16,type_dst=iq1_s,type_idx=i64,ne=[768,3,1,1],nr23=[2,3],r=2,v=1): not supported [CUDA0, CPU] 
  SET_ROWS(type_src=f16,type_dst=iq1_s,type_idx=i64,ne=[256,5,7,3],nr23=[1,1],r=1,v=0): not supported [CUDA0, CPU] 
  SET_ROWS(type_src=f16,type_dst=iq1_s,type_idx=i64,ne=[256,11,1,7],nr23=[2,3],r=7,v=0): not supported [CUDA0, CPU] 
  SET_ROWS(type_src=f16,type_dst=iq1_s,type_idx=i64,ne=[768,3,7,1],nr23=[2,3],r=2,v=0): not supported [CUDA0, CPU] 
  SET_ROWS(type_src=f16,type_dst=iq1_s,type_idx=i64,ne=[256,5,7,3],nr23=[1,1],r=1,v=1): not supported [CUDA0, CPU] 
  SET_ROWS(type_src=f16,type_dst=iq1_s,type_idx=i64,ne=[256,11,1,7],nr23=[2,3],r=7,v=1): not supported [CUDA0, CPU] 
  SET_ROWS(type_src=f16,type_dst=iq1_s,type_idx=i64,ne=[768,3,7,1],nr23=[2,3],r=2,v=1): not supported [CUDA0, CPU] 
  SET_ROWS(type_src=f16,type_dst=iq1_m,type_idx=i64,ne=[256,5,1,3],nr23=[1,1],r=1,v=0): not supported [CUDA0, CPU] 
  SET_ROWS(type_src=f16,type_dst=iq1_m,type_idx=i64,ne=[256,11,1,1],nr23=[2,3],r=7,v=0): not supported [CUDA0, CPU] 
  SET_ROWS(type_src=f16,type_dst=iq1_m,type_idx=i64,ne=[768,3,1,1],nr23=[2,3],r=2,v=0): not supported [CUDA0, CPU] 
  SET_ROWS(type_src=f16,type_dst=iq1_m,type_idx=i64,ne=[256,5,1,3],nr23=[1,1],r=1,v=1): not supported [CUDA0, CPU] 
  SET_ROWS(type_src=f16,type_dst=iq1_m,type_idx=i64,ne=[256,11,1,1],nr23=[2,3],r=7,v=1): not supported [CUDA0, CPU] 
  SET_ROWS(type_src=f16,type_dst=iq1_m,type_idx=i64,ne=[768,3,1,1],nr23=[2,3],r=2,v=1): not supported [CUDA0, CPU] 
  SET_ROWS(type_src=f16,type_dst=iq1_m,type_idx=i64,ne=[256,5,7,3],nr23=[1,1],r=1,v=0): not supported [CUDA0, CPU] 
  SET_ROWS(type_src=f16,type_dst=iq1_m,type_idx=i64,ne=[256,11,1,7],nr23=[2,3],r=7,v=0): not supported [CUDA0, CPU] 
  SET_ROWS(type_src=f16,type_dst=iq1_m,type_idx=i64,ne=[768,3,7,1],nr23=[2,3],r=2,v=0): not supported [CUDA0, CPU] 
  SET_ROWS(type_src=f16,type_dst=iq1_m,type_idx=i64,ne=[256,5,7,3],nr23=[1,1],r=1,v=1): not supported [CUDA0, CPU] 
  SET_ROWS(type_src=f16,type_dst=iq1_m,type_idx=i64,ne=[256,11,1,7],nr23=[2,3],r=7,v=1): not supported [CUDA0, CPU] 
  SET_ROWS(type_src=f16,type_dst=iq1_m,type_idx=i64,ne=[768,3,7,1],nr23=[2,3],r=2,v=1): not supported [CUDA0, CPU] 
  SET_ROWS(type_src=f16,type_dst=iq4_nl,type_idx=i64,ne=[256,5,1,3],nr23=[1,1],r=1,v=0): not supported [CUDA0] 
  SET_ROWS(type_src=f16,type_dst=iq4_nl,type_idx=i64,ne=[256,11,1,1],nr23=[2,3],r=7,v=0): not supported [CUDA0] 
  SET_ROWS(type_src=f16,type_dst=iq4_nl,type_idx=i64,ne=[96,3,1,1],nr23=[2,3],r=2,v=0): not supported [CUDA0] 
  SET_ROWS(type_src=f16,type_dst=iq4_nl,type_idx=i64,ne=[256,5,1,3],nr23=[1,1],r=1,v=1): not supported [CUDA0] 
  SET_ROWS(type_src=f16,type_dst=iq4_nl,type_idx=i64,ne=[256,11,1,1],nr23=[2,3],r=7,v=1): not supported [CUDA0] 
  SET_ROWS(type_src=f16,type_dst=iq4_nl,type_idx=i64,ne=[96,3,1,1],nr23=[2,3],r=2,v=1): not supported [CUDA0] 
  SET_ROWS(type_src=f16,type_dst=iq4_nl,type_idx=i64,ne=[256,5,7,3],nr23=[1,1],r=1,v=0): not supported [CUDA0] 
  SET_ROWS(type_src=f16,type_dst=iq4_nl,type_idx=i64,ne=[256,11,1,7],nr23=[2,3],r=7,v=0): not supported [CUDA0] 
  SET_ROWS(type_src=f16,type_dst=iq4_nl,type_idx=i64,ne=[96,3,7,1],nr23=[2,3],r=2,v=0): not supported [CUDA0] 
  SET_ROWS(type_src=f16,type_dst=iq4_nl,type_idx=i64,ne=[256,5,7,3],nr23=[1,1],r=1,v=1): not supported [CUDA0] 
  SET_ROWS(type_src=f16,type_dst=iq4_nl,type_idx=i64,ne=[256,11,1,7],nr23=[2,3],r=7,v=1): not supported [CUDA0] 
  SET_ROWS(type_src=f16,type_dst=iq4_nl,type_idx=i64,ne=[96,3,7,1],nr23=[2,3],r=2,v=1): not supported [CUDA0] 
  SET_ROWS(type_src=f16,type_dst=iq3_s,type_idx=i64,ne=[256,5,1,3],nr23=[1,1],r=1,v=0): not supported [CUDA0, CPU] 
  SET_ROWS(type_src=f16,type_dst=iq3_s,type_idx=i64,ne=[256,11,1,1],nr23=[2,3],r=7,v=0): not supported [CUDA0, CPU] 
  SET_ROWS(type_src=f16,type_dst=iq3_s,type_idx=i64,ne=[768,3,1,1],nr23=[2,3],r=2,v=0): not supported [CUDA0, CPU] 
  SET_ROWS(type_src=f16,type_dst=iq3_s,type_idx=i64,ne=[256,5,1,3],nr23=[1,1],r=1,v=1): not supported [CUDA0, CPU] 
  SET_ROWS(type_src=f16,type_dst=iq3_s,type_idx=i64,ne=[256,11,1,1],nr23=[2,3],r=7,v=1): not supported [CUDA0, CPU] 
  SET_ROWS(type_src=f16,type_dst=iq3_s,type_idx=i64,ne=[768,3,1,1],nr23=[2,3],r=2,v=1): not supported [CUDA0, CPU] 
  SET_ROWS(type_src=f16,type_dst=iq3_s,type_idx=i64,ne=[256,5,7,3],nr23=[1,1],r=1,v=0): not supported [CUDA0, CPU] 
  SET_ROWS(type_src=f16,type_dst=iq3_s,type_idx=i64,ne=[256,11,1,7],nr23=[2,3],r=7,v=0): not supported [CUDA0, CPU] 
  SET_ROWS(type_src=f16,type_dst=iq3_s,type_idx=i64,ne=[768,3,7,1],nr23=[2,3],r=2,v=0): not supported [CUDA0, CPU] 
  SET_ROWS(type_src=f16,type_dst=iq3_s,type_idx=i64,ne=[256,5,7,3],nr23=[1,1],r=1,v=1): not supported [CUDA0, CPU] 
  SET_ROWS(type_src=f16,type_dst=iq3_s,type_idx=i64,ne=[256,11,1,7],nr23=[2,3],r=7,v=1): not supported [CUDA0, CPU] 
  SET_ROWS(type_src=f16,type_dst=iq3_s,type_idx=i64,ne=[768,3,7,1],nr23=[2,3],r=2,v=1): not supported [CUDA0, CPU] 
  SET_ROWS(type_src=f16,type_dst=iq4_xs,type_idx=i64,ne=[256,5,1,3],nr23=[1,1],r=1,v=0): not supported [CUDA0] 
  SET_ROWS(type_src=f16,type_dst=iq4_xs,type_idx=i64,ne=[256,11,1,1],nr23=[2,3],r=7,v=0): not supported [CUDA0] 
  SET_ROWS(type_src=f16,type_dst=iq4_xs,type_idx=i64,ne=[768,3,1,1],nr23=[2,3],r=2,v=0): not supported [CUDA0] 
  SET_ROWS(type_src=f16,type_dst=iq4_xs,type_idx=i64,ne=[256,5,1,3],nr23=[1,1],r=1,v=1): not supported [CUDA0] 
  SET_ROWS(type_src=f16,type_dst=iq4_xs,type_idx=i64,ne=[256,11,1,1],nr23=[2,3],r=7,v=1): not supported [CUDA0] 
  SET_ROWS(type_src=f16,type_dst=iq4_xs,type_idx=i64,ne=[768,3,1,1],nr23=[2,3],r=2,v=1): not supported [CUDA0] 
  SET_ROWS(type_src=f16,type_dst=iq4_xs,type_idx=i64,ne=[256,5,7,3],nr23=[1,1],r=1,v=0): not supported [CUDA0] 
  SET_ROWS(type_src=f16,type_dst=iq4_xs,type_idx=i64,ne=[256,11,1,7],nr23=[2,3],r=7,v=0): not supported [CUDA0] 
  SET_ROWS(type_src=f16,type_dst=iq4_xs,type_idx=i64,ne=[768,3,7,1],nr23=[2,3],r=2,v=0): not supported [CUDA0] 
  SET_ROWS(type_src=f16,type_dst=iq4_xs,type_idx=i64,ne=[256,5,7,3],nr23=[1,1],r=1,v=1): not supported [CUDA0] 
  SET_ROWS(type_src=f16,type_dst=iq4_xs,type_idx=i64,ne=[256,11,1,7],nr23=[2,3],r=7,v=1): not supported [CUDA0] 
  SET_ROWS(type_src=f16,type_dst=iq4_xs,type_idx=i64,ne=[768,3,7,1],nr23=[2,3],r=2,v=1): not supported [CUDA0] 
  SET_ROWS(type_src=f32,type_dst=f32,type_idx=i64,ne=[256,5,1,3],nr23=[1,1],r=1,v=0): [1;32mOK[0m
  SET_ROWS(type_src=f32,type_dst=f32,type_idx=i64,ne=[256,11,1,1],nr23=[2,3],r=7,v=0): ggml_backend_cuda_graph_compute: CUDA graph warmup complete
[1;32mOK[0m
  SET_ROWS(type_src=f32,type_dst=f32,type_idx=i64,ne=[3,3,1,1],nr23=[2,3],r=2,v=0): ggml_backend_cuda_graph_compute: CUDA graph warmup reset
[1;32mOK[0m
  SET_ROWS(type_src=f32,type_dst=f32,type_idx=i64,ne=[31,3,1,1],nr23=[2,3],r=2,v=0): [1;32mOK[0m
  SET_ROWS(type_src=f32,type_dst=f32,type_idx=i64,ne=[33,5,1,1],nr23=[2,3],r=1,v=0): [1;32mOK[0m
  SET_ROWS(type_src=f32,type_dst=f32,type_idx=i64,ne=[256,5,1,3],nr23=[1,1],r=1,v=1): [1;32mOK[0m
  SET_ROWS(type_src=f32,type_dst=f32,type_idx=i64,ne=[256,11,1,1],nr23=[2,3],r=7,v=1): [1;32mOK[0m
  SET_ROWS(type_src=f32,type_dst=f32,type_idx=i64,ne=[3,3,1,1],nr23=[2,3],r=2,v=1): [1;32mOK[0m
  SET_ROWS(type_src=f32,type_dst=f32,type_idx=i64,ne=[31,3,1,1],nr23=[2,3],r=2,v=1): [1;32mOK[0m
  SET_ROWS(type_src=f32,type_dst=f32,type_idx=i64,ne=[33,5,1,1],nr23=[2,3],r=1,v=1): [1;32mOK[0m
  SET_ROWS(type_src=f32,type_dst=f32,type_idx=i64,ne=[256,5,7,3],nr23=[1,1],r=1,v=0): [1;32mOK[0m
  SET_ROWS(type_src=f32,type_dst=f32,type_idx=i64,ne=[256,11,1,7],nr23=[2,3],r=7,v=0): [1;32mOK[0m
  SET_ROWS(type_src=f32,type_dst=f32,type_idx=i64,ne=[3,3,7,1],nr23=[2,3],r=2,v=0): ggml_backend_cuda_graph_compute: CUDA graph warmup complete
[1;32mOK[0m
  SET_ROWS(type_src=f32,type_dst=f32,type_idx=i64,ne=[31,3,7,1],nr23=[2,3],r=2,v=0): ggml_backend_cuda_graph_compute: CUDA graph warmup reset
[1;32mOK[0m
  SET_ROWS(type_src=f32,type_dst=f32,type_idx=i64,ne=[33,5,1,7],nr23=[2,3],r=1,v=0): [1;32mOK[0m
  SET_ROWS(type_src=f32,type_dst=f32,type_idx=i64,ne=[256,5,7,3],nr23=[1,1],r=1,v=1): [1;32mOK[0m
  SET_ROWS(type_src=f32,type_dst=f32,type_idx=i64,ne=[256,11,1,7],nr23=[2,3],r=7,v=1): [1;32mOK[0m
  SET_ROWS(type_src=f32,type_dst=f32,type_idx=i64,ne=[3,3,7,1],nr23=[2,3],r=2,v=1): [1;32mOK[0m
  SET_ROWS(type_src=f32,type_dst=f32,type_idx=i64,ne=[31,3,7,1],nr23=[2,3],r=2,v=1): [1;32mOK[0m
  SET_ROWS(type_src=f32,type_dst=f32,type_idx=i64,ne=[33,5,1,7],nr23=[2,3],r=1,v=1): [1;32mOK[0m
  SET_ROWS(type_src=f32,type_dst=f16,type_idx=i64,ne=[256,5,1,3],nr23=[1,1],r=1,v=0): [1;32mOK[0m
  SET_ROWS(type_src=f32,type_dst=f16,type_idx=i64,ne=[256,11,1,1],nr23=[2,3],r=7,v=0): ggml_backend_cuda_graph_compute: CUDA graph warmup complete
[1;32mOK[0m
  SET_ROWS(type_src=f32,type_dst=f16,type_idx=i64,ne=[3,3,1,1],nr23=[2,3],r=2,v=0): ggml_backend_cuda_graph_compute: CUDA graph warmup reset
[1;32mOK[0m
  SET_ROWS(type_src=f32,type_dst=f16,type_idx=i64,ne=[31,3,1,1],nr23=[2,3],r=2,v=0): [1;32mOK[0m
  SET_ROWS(type_src=f32,type_dst=f16,type_idx=i64,ne=[33,5,1,1],nr23=[2,3],r=1,v=0): [1;32mOK[0m
  SET_ROWS(type_src=f32,type_dst=f16,type_idx=i64,ne=[256,5,1,3],nr23=[1,1],r=1,v=1): [1;32mOK[0m
  SET_ROWS(type_src=f32,type_dst=f16,type_idx=i64,ne=[256,11,1,1],nr23=[2,3],r=7,v=1): [1;32mOK[0m
  SET_ROWS(type_src=f32,type_dst=f16,type_idx=i64,ne=[3,3,1,1],nr23=[2,3],r=2,v=1): [1;32mOK[0m
  SET_ROWS(type_src=f32,type_dst=f16,type_idx=i64,ne=[31,3,1,1],nr23=[2,3],r=2,v=1): [1;32mOK[0m
  SET_ROWS(type_src=f32,type_dst=f16,type_idx=i64,ne=[33,5,1,1],nr23=[2,3],r=1,v=1): [1;32mOK[0m
  SET_ROWS(type_src=f32,type_dst=f16,type_idx=i64,ne=[256,5,7,3],nr23=[1,1],r=1,v=0): [1;32mOK[0m
  SET_ROWS(type_src=f32,type_dst=f16,type_idx=i64,ne=[256,11,1,7],nr23=[2,3],r=7,v=0): [1;32mOK[0m
  SET_ROWS(type_src=f32,type_dst=f16,type_idx=i64,ne=[3,3,7,1],nr23=[2,3],r=2,v=0): [1;32mOK[0m
  SET_ROWS(type_src=f32,type_dst=f16,type_idx=i64,ne=[31,3,7,1],nr23=[2,3],r=2,v=0): [1;32mOK[0m
  SET_ROWS(type_src=f32,type_dst=f16,type_idx=i64,ne=[33,5,1,7],nr23=[2,3],r=1,v=0): [1;32mOK[0m
  SET_ROWS(type_src=f32,type_dst=f16,type_idx=i64,ne=[256,5,7,3],nr23=[1,1],r=1,v=1): [1;32mOK[0m
  SET_ROWS(type_src=f32,type_dst=f16,type_idx=i64,ne=[256,11,1,7],nr23=[2,3],r=7,v=1): [1;32mOK[0m
  SET_ROWS(type_src=f32,type_dst=f16,type_idx=i64,ne=[3,3,7,1],nr23=[2,3],r=2,v=1): ggml_backend_cuda_graph_compute: CUDA graph warmup complete
[1;32mOK[0m
  SET_ROWS(type_src=f32,type_dst=f16,type_idx=i64,ne=[31,3,7,1],nr23=[2,3],r=2,v=1): ggml_backend_cuda_graph_compute: CUDA graph warmup reset
[1;32mOK[0m
  SET_ROWS(type_src=f32,type_dst=f16,type_idx=i64,ne=[33,5,1,7],nr23=[2,3],r=1,v=1): [1;32mOK[0m
  SET_ROWS(type_src=f32,type_dst=bf16,type_idx=i64,ne=[256,5,1,3],nr23=[1,1],r=1,v=0): [1;32mOK[0m
  SET_ROWS(type_src=f32,type_dst=bf16,type_idx=i64,ne=[256,11,1,1],nr23=[2,3],r=7,v=0): [1;32mOK[0m
  SET_ROWS(type_src=f32,type_dst=bf16,type_idx=i64,ne=[3,3,1,1],nr23=[2,3],r=2,v=0): [1;32mOK[0m
  SET_ROWS(type_src=f32,type_dst=bf16,type_idx=i64,ne=[31,3,1,1],nr23=[2,3],r=2,v=0): [1;32mOK[0m
  SET_ROWS(type_src=f32,type_dst=bf16,type_idx=i64,ne=[33,5,1,1],nr23=[2,3],r=1,v=0): [1;32mOK[0m
  SET_ROWS(type_src=f32,type_dst=bf16,type_idx=i64,ne=[256,5,1,3],nr23=[1,1],r=1,v=1): [1;32mOK[0m
  SET_ROWS(type_src=f32,type_dst=bf16,type_idx=i64,ne=[256,11,1,1],nr23=[2,3],r=7,v=1): [1;32mOK[0m
  SET_ROWS(type_src=f32,type_dst=bf16,type_idx=i64,ne=[3,3,1,1],nr23=[2,3],r=2,v=1): [1;32mOK[0m
  SET_ROWS(type_src=f32,type_dst=bf16,type_idx=i64,ne=[31,3,1,1],nr23=[2,3],r=2,v=1): [1;32mOK[0m
  SET_ROWS(type_src=f32,type_dst=bf16,type_idx=i64,ne=[33,5,1,1],nr23=[2,3],r=1,v=1): [1;32mOK[0m
  SET_ROWS(type_src=f32,type_dst=bf16,type_idx=i64,ne=[256,5,7,3],nr23=[1,1],r=1,v=0): [1;32mOK[0m
  SET_ROWS(type_src=f32,type_dst=bf16,type_idx=i64,ne=[256,11,1,7],nr23=[2,3],r=7,v=0): [1;32mOK[0m
  SET_ROWS(type_src=f32,type_dst=bf16,type_idx=i64,ne=[3,3,7,1],nr23=[2,3],r=2,v=0): ggml_backend_cuda_graph_compute: CUDA graph warmup complete
[1;32mOK[0m
  SET_ROWS(type_src=f32,type_dst=bf16,type_idx=i64,ne=[31,3,7,1],nr23=[2,3],r=2,v=0): ggml_backend_cuda_graph_compute: CUDA graph warmup reset
[1;32mOK[0m
  SET_ROWS(type_src=f32,type_dst=bf16,type_idx=i64,ne=[33,5,1,7],nr23=[2,3],r=1,v=0): [1;32mOK[0m
  SET_ROWS(type_src=f32,type_dst=bf16,type_idx=i64,ne=[256,5,7,3],nr23=[1,1],r=1,v=1): [1;32mOK[0m
  SET_ROWS(type_src=f32,type_dst=bf16,type_idx=i64,ne=[256,11,1,7],nr23=[2,3],r=7,v=1): [1;32mOK[0m
  SET_ROWS(type_src=f32,type_dst=bf16,type_idx=i64,ne=[3,3,7,1],nr23=[2,3],r=2,v=1): [1;32mOK[0m
  SET_ROWS(type_src=f32,type_dst=bf16,type_idx=i64,ne=[31,3,7,1],nr23=[2,3],r=2,v=1): [1;32mOK[0m
  SET_ROWS(type_src=f32,type_dst=bf16,type_idx=i64,ne=[33,5,1,7],nr23=[2,3],r=1,v=1): [1;32mOK[0m
  SET_ROWS(type_src=f32,type_dst=q4_0,type_idx=i64,ne=[256,5,1,3],nr23=[1,1],r=1,v=0): [1;32mOK[0m
  SET_ROWS(type_src=f32,type_dst=q4_0,type_idx=i64,ne=[256,11,1,1],nr23=[2,3],r=7,v=0): [1;32mOK[0m
  SET_ROWS(type_src=f32,type_dst=q4_0,type_idx=i64,ne=[96,3,1,1],nr23=[2,3],r=2,v=0): [1;32mOK[0m
  SET_ROWS(type_src=f32,type_dst=q4_0,type_idx=i64,ne=[256,5,1,3],nr23=[1,1],r=1,v=1): [1;32mOK[0m
  SET_ROWS(type_src=f32,type_dst=q4_0,type_idx=i64,ne=[256,11,1,1],nr23=[2,3],r=7,v=1): [1;32mOK[0m
  SET_ROWS(type_src=f32,type_dst=q4_0,type_idx=i64,ne=[96,3,1,1],nr23=[2,3],r=2,v=1): [1;32mOK[0m
  SET_ROWS(type_src=f32,type_dst=q4_0,type_idx=i64,ne=[256,5,7,3],nr23=[1,1],r=1,v=0): ggml_backend_cuda_graph_compute: CUDA graph warmup complete
[1;32mOK[0m
  SET_ROWS(type_src=f32,type_dst=q4_0,type_idx=i64,ne=[256,11,1,7],nr23=[2,3],r=7,v=0): ggml_backend_cuda_graph_compute: CUDA graph warmup reset
[1;32mOK[0m
  SET_ROWS(type_src=f32,type_dst=q4_0,type_idx=i64,ne=[96,3,7,1],nr23=[2,3],r=2,v=0): [1;32mOK[0m
  SET_ROWS(type_src=f32,type_dst=q4_0,type_idx=i64,ne=[256,5,7,3],nr23=[1,1],r=1,v=1): [1;32mOK[0m
  SET_ROWS(type_src=f32,type_dst=q4_0,type_idx=i64,ne=[256,11,1,7],nr23=[2,3],r=7,v=1): [1;32mOK[0m
  SET_ROWS(type_src=f32,type_dst=q4_0,type_idx=i64,ne=[96,3,7,1],nr23=[2,3],r=2,v=1): [1;32mOK[0m
  SET_ROWS(type_src=f32,type_dst=q4_1,type_idx=i64,ne=[256,5,1,3],nr23=[1,1],r=1,v=0): [1;32mOK[0m
  SET_ROWS(type_src=f32,type_dst=q4_1,type_idx=i64,ne=[256,11,1,1],nr23=[2,3],r=7,v=0): [1;32mOK[0m
  SET_ROWS(type_src=f32,type_dst=q4_1,type_idx=i64,ne=[96,3,1,1],nr23=[2,3],r=2,v=0): [1;32mOK[0m
  SET_ROWS(type_src=f32,type_dst=q4_1,type_idx=i64,ne=[256,5,1,3],nr23=[1,1],r=1,v=1): ggml_backend_cuda_graph_compute: CUDA graph warmup complete
[1;32mOK[0m
  SET_ROWS(type_src=f32,type_dst=q4_1,type_idx=i64,ne=[256,11,1,1],nr23=[2,3],r=7,v=1): ggml_backend_cuda_graph_compute: CUDA graph warmup reset
[1;32mOK[0m
  SET_ROWS(type_src=f32,type_dst=q4_1,type_idx=i64,ne=[96,3,1,1],nr23=[2,3],r=2,v=1): [1;32mOK[0m
  SET_ROWS(type_src=f32,type_dst=q4_1,type_idx=i64,ne=[256,5,7,3],nr23=[1,1],r=1,v=0): [1;32mOK[0m
  SET_ROWS(type_src=f32,type_dst=q4_1,type_idx=i64,ne=[256,11,1,7],nr23=[2,3],r=7,v=0): [1;32mOK[0m
  SET_ROWS(type_src=f32,type_dst=q4_1,type_idx=i64,ne=[96,3,7,1],nr23=[2,3],r=2,v=0): [1;32mOK[0m
  SET_ROWS(type_src=f32,type_dst=q4_1,type_idx=i64,ne=[256,5,7,3],nr23=[1,1],r=1,v=1): [1;32mOK[0m
  SET_ROWS(type_src=f32,type_dst=q4_1,type_idx=i64,ne=[256,11,1,7],nr23=[2,3],r=7,v=1): [1;32mOK[0m
  SET_ROWS(type_src=f32,type_dst=q4_1,type_idx=i64,ne=[96,3,7,1],nr23=[2,3],r=2,v=1): [1;32mOK[0m
  SET_ROWS(type_src=f32,type_dst=q5_0,type_idx=i64,ne=[256,5,1,3],nr23=[1,1],r=1,v=0): [1;32mOK[0m
  SET_ROWS(type_src=f32,type_dst=q5_0,type_idx=i64,ne=[256,11,1,1],nr23=[2,3],r=7,v=0): [1;32mOK[0m
  SET_ROWS(type_src=f32,type_dst=q5_0,type_idx=i64,ne=[96,3,1,1],nr23=[2,3],r=2,v=0): [1;32mOK[0m
  SET_ROWS(type_src=f32,type_dst=q5_0,type_idx=i64,ne=[256,5,1,3],nr23=[1,1],r=1,v=1): [1;32mOK[0m
  SET_ROWS(type_src=f32,type_dst=q5_0,type_idx=i64,ne=[256,11,1,1],nr23=[2,3],r=7,v=1): [1;32mOK[0m
  SET_ROWS(type_src=f32,type_dst=q5_0,type_idx=i64,ne=[96,3,1,1],nr23=[2,3],r=2,v=1): [1;32mOK[0m
  SET_ROWS(type_src=f32,type_dst=q5_0,type_idx=i64,ne=[256,5,7,3],nr23=[1,1],r=1,v=0): [1;32mOK[0m
  SET_ROWS(type_src=f32,type_dst=q5_0,type_idx=i64,ne=[256,11,1,7],nr23=[2,3],r=7,v=0): [1;32mOK[0m
  SET_ROWS(type_src=f32,type_dst=q5_0,type_idx=i64,ne=[96,3,7,1],nr23=[2,3],r=2,v=0): [1;32mOK[0m
  SET_ROWS(type_src=f32,type_dst=q5_0,type_idx=i64,ne=[256,5,7,3],nr23=[1,1],r=1,v=1): [1;32mOK[0m
  SET_ROWS(type_src=f32,type_dst=q5_0,type_idx=i64,ne=[256,11,1,7],nr23=[2,3],r=7,v=1): [1;32mOK[0m
  SET_ROWS(type_src=f32,type_dst=q5_0,type_idx=i64,ne=[96,3,7,1],nr23=[2,3],r=2,v=1): [1;32mOK[0m
  SET_ROWS(type_src=f32,type_dst=q5_1,type_idx=i64,ne=[256,5,1,3],nr23=[1,1],r=1,v=0): [1;32mOK[0m
  SET_ROWS(type_src=f32,type_dst=q5_1,type_idx=i64,ne=[256,11,1,1],nr23=[2,3],r=7,v=0): [1;32mOK[0m
  SET_ROWS(type_src=f32,type_dst=q5_1,type_idx=i64,ne=[96,3,1,1],nr23=[2,3],r=2,v=0): [1;32mOK[0m
  SET_ROWS(type_src=f32,type_dst=q5_1,type_idx=i64,ne=[256,5,1,3],nr23=[1,1],r=1,v=1): [1;32mOK[0m
  SET_ROWS(type_src=f32,type_dst=q5_1,type_idx=i64,ne=[256,11,1,1],nr23=[2,3],r=7,v=1): [1;32mOK[0m
  SET_ROWS(type_src=f32,type_dst=q5_1,type_idx=i64,ne=[96,3,1,1],nr23=[2,3],r=2,v=1): [1;32mOK[0m
  SET_ROWS(type_src=f32,type_dst=q5_1,type_idx=i64,ne=[256,5,7,3],nr23=[1,1],r=1,v=0): [1;32mOK[0m
  SET_ROWS(type_src=f32,type_dst=q5_1,type_idx=i64,ne=[256,11,1,7],nr23=[2,3],r=7,v=0): [1;32mOK[0m
  SET_ROWS(type_src=f32,type_dst=q5_1,type_idx=i64,ne=[96,3,7,1],nr23=[2,3],r=2,v=0): [1;32mOK[0m
  SET_ROWS(type_src=f32,type_dst=q5_1,type_idx=i64,ne=[256,5,7,3],nr23=[1,1],r=1,v=1): [1;32mOK[0m
  SET_ROWS(type_src=f32,type_dst=q5_1,type_idx=i64,ne=[256,11,1,7],nr23=[2,3],r=7,v=1): [1;32mOK[0m
  SET_ROWS(type_src=f32,type_dst=q5_1,type_idx=i64,ne=[96,3,7,1],nr23=[2,3],r=2,v=1): [1;32mOK[0m
  SET_ROWS(type_src=f32,type_dst=q8_0,type_idx=i64,ne=[256,5,1,3],nr23=[1,1],r=1,v=0): [1;32mOK[0m
  SET_ROWS(type_src=f32,type_dst=q8_0,type_idx=i64,ne=[256,11,1,1],nr23=[2,3],r=7,v=0): [1;32mOK[0m
  SET_ROWS(type_src=f32,type_dst=q8_0,type_idx=i64,ne=[96,3,1,1],nr23=[2,3],r=2,v=0): [1;32mOK[0m
  SET_ROWS(type_src=f32,type_dst=q8_0,type_idx=i64,ne=[256,5,1,3],nr23=[1,1],r=1,v=1): [1;32mOK[0m
  SET_ROWS(type_src=f32,type_dst=q8_0,type_idx=i64,ne=[256,11,1,1],nr23=[2,3],r=7,v=1): [1;32mOK[0m
  SET_ROWS(type_src=f32,type_dst=q8_0,type_idx=i64,ne=[96,3,1,1],nr23=[2,3],r=2,v=1): [1;32mOK[0m
  SET_ROWS(type_src=f32,type_dst=q8_0,type_idx=i64,ne=[256,5,7,3],nr23=[1,1],r=1,v=0): [1;32mOK[0m
  SET_ROWS(type_src=f32,type_dst=q8_0,type_idx=i64,ne=[256,11,1,7],nr23=[2,3],r=7,v=0): [1;32mOK[0m
  SET_ROWS(type_src=f32,type_dst=q8_0,type_idx=i64,ne=[96,3,7,1],nr23=[2,3],r=2,v=0): [1;32mOK[0m
  SET_ROWS(type_src=f32,type_dst=q8_0,type_idx=i64,ne=[256,5,7,3],nr23=[1,1],r=1,v=1): [1;32mOK[0m
  SET_ROWS(type_src=f32,type_dst=q8_0,type_idx=i64,ne=[256,11,1,7],nr23=[2,3],r=7,v=1): [1;32mOK[0m
  SET_ROWS(type_src=f32,type_dst=q8_0,type_idx=i64,ne=[96,3,7,1],nr23=[2,3],r=2,v=1): [1;32mOK[0m
  SET_ROWS(type_src=f32,type_dst=q1_0,type_idx=i64,ne=[256,5,1,3],nr23=[1,1],r=1,v=0): not supported [CUDA0] 
  SET_ROWS(type_src=f32,type_dst=q1_0,type_idx=i64,ne=[256,11,1,1],nr23=[2,3],r=7,v=0): not supported [CUDA0] 
  SET_ROWS(type_src=f32,type_dst=q1_0,type_idx=i64,ne=[384,3,1,1],nr23=[2,3],r=2,v=0): not supported [CUDA0] 
  SET_ROWS(type_src=f32,type_dst=q1_0,type_idx=i64,ne=[256,5,1,3],nr23=[1,1],r=1,v=1): not supported [CUDA0] 
  SET_ROWS(type_src=f32,type_dst=q1_0,type_idx=i64,ne=[256,11,1,1],nr23=[2,3],r=7,v=1): not supported [CUDA0] 
  SET_ROWS(type_src=f32,type_dst=q1_0,type_idx=i64,ne=[384,3,1,1],nr23=[2,3],r=2,v=1): not supported [CUDA0] 
  SET_ROWS(type_src=f32,type_dst=q1_0,type_idx=i64,ne=[256,5,7,3],nr23=[1,1],r=1,v=0): not supported [CUDA0] 
  SET_ROWS(type_src=f32,type_dst=q1_0,type_idx=i64,ne=[256,11,1,7],nr23=[2,3],r=7,v=0): not supported [CUDA0] 
  SET_ROWS(type_src=f32,type_dst=q1_0,type_idx=i64,ne=[384,3,7,1],nr23=[2,3],r=2,v=0): not supported [CUDA0] 
  SET_ROWS(type_src=f32,type_dst=q1_0,type_idx=i64,ne=[256,5,7,3],nr23=[1,1],r=1,v=1): not supported [CUDA0] 
  SET_ROWS(type_src=f32,type_dst=q1_0,type_idx=i64,ne=[256,11,1,7],nr23=[2,3],r=7,v=1): not supported [CUDA0] 
  SET_ROWS(type_src=f32,type_dst=q1_0,type_idx=i64,ne=[384,3,7,1],nr23=[2,3],r=2,v=1): not supported [CUDA0] 
  SET_ROWS(type_src=f32,type_dst=q2_0,type_idx=i64,ne=[256,5,1,3],nr23=[1,1],r=1,v=0): not supported [CUDA0] 
  SET_ROWS(type_src=f32,type_dst=q2_0,type_idx=i64,ne=[256,11,1,1],nr23=[2,3],r=7,v=0): not supported [CUDA0] 
  SET_ROWS(type_src=f32,type_dst=q2_0,type_idx=i64,ne=[192,3,1,1],nr23=[2,3],r=2,v=0): not supported [CUDA0] 
  SET_ROWS(type_src=f32,type_dst=q2_0,type_idx=i64,ne=[256,5,1,3],nr23=[1,1],r=1,v=1): not supported [CUDA0] 
  SET_ROWS(type_src=f32,type_dst=q2_0,type_idx=i64,ne=[256,11,1,1],nr23=[2,3],r=7,v=1): not supported [CUDA0] 
  SET_ROWS(type_src=f32,type_dst=q2_0,type_idx=i64,ne=[192,3,1,1],nr23=[2,3],r=2,v=1): not supported [CUDA0] 
  SET_ROWS(type_src=f32,type_dst=q2_0,type_idx=i64,ne=[256,5,7,3],nr23=[1,1],r=1,v=0): not supported [CUDA0] 
  SET_ROWS(type_src=f32,type_dst=q2_0,type_idx=i64,ne=[256,11,1,7],nr23=[2,3],r=7,v=0): not supported [CUDA0] 
  SET_ROWS(type_src=f32,type_dst=q2_0,type_idx=i64,ne=[192,3,7,1],nr23=[2,3],r=2,v=0): not supported [CUDA0] 
  SET_ROWS(type_src=f32,type_dst=q2_0,type_idx=i64,ne=[256,5,7,3],nr23=[1,1],r=1,v=1): not supported [CUDA0] 
  SET_ROWS(type_src=f32,type_dst=q2_0,type_idx=i64,ne=[256,11,1,7],nr23=[2,3],r=7,v=1): not supported [CUDA0] 
  SET_ROWS(type_src=f32,type_dst=q2_0,type_idx=i64,ne=[192,3,7,1],nr23=[2,3],r=2,v=1): not supported [CUDA0] 
  SET_ROWS(type_src=f32,type_dst=mxfp4,type_idx=i64,ne=[256,5,1,3],nr23=[1,1],r=1,v=0): not supported [CUDA0] 
  SET_ROWS(type_src=f32,type_dst=mxfp4,type_idx=i64,ne=[256,11,1,1],nr23=[2,3],r=7,v=0): not supported [CUDA0] 
  SET_ROWS(type_src=f32,type_dst=mxfp4,type_idx=i64,ne=[96,3,1,1],nr23=[2,3],r=2,v=0): not supported [CUDA0] 
  SET_ROWS(type_src=f32,type_dst=mxfp4,type_idx=i64,ne=[256,5,1,3],nr23=[1,1],r=1,v=1): not supported [CUDA0] 
  SET_ROWS(type_src=f32,type_dst=mxfp4,type_idx=i64,ne=[256,11,1,1],nr23=[2,3],r=7,v=1): not supported [CUDA0] 
  SET_ROWS(type_src=f32,type_dst=mxfp4,type_idx=i64,ne=[96,3,1,1],nr23=[2,3],r=2,v=1): not supported [CUDA0] 
  SET_ROWS(type_src=f32,type_dst=mxfp4,type_idx=i64,ne=[256,5,7,3],nr23=[1,1],r=1,v=0): not supported [CUDA0] 
  SET_ROWS(type_src=f32,type_dst=mxfp4,type_idx=i64,ne=[256,11,1,7],nr23=[2,3],r=7,v=0): not supported [CUDA0] 
  SET_ROWS(type_src=f32,type_dst=mxfp4,type_idx=i64,ne=[96,3,7,1],nr23=[2,3],r=2,v=0): not supported [CUDA0] 
  SET_ROWS(type_src=f32,type_dst=mxfp4,type_idx=i64,ne=[256,5,7,3],nr23=[1,1],r=1,v=1): not supported [CUDA0] 
  SET_ROWS(type_src=f32,type_dst=mxfp4,type_idx=i64,ne=[256,11,1,7],nr23=[2,3],r=7,v=1): not supported [CUDA0] 
  SET_ROWS(type_src=f32,type_dst=mxfp4,type_idx=i64,ne=[96,3,7,1],nr23=[2,3],r=2,v=1): not supported [CUDA0] 
  SET_ROWS(type_src=f32,type_dst=nvfp4,type_idx=i64,ne=[256,5,1,3],nr23=[1,1],r=1,v=0): not supported [CUDA0] 
  SET_ROWS(type_src=f32,type_dst=nvfp4,type_idx=i64,ne=[256,11,1,1],nr23=[2,3],r=7,v=0): not supported [CUDA0] 
  SET_ROWS(type_src=f32,type_dst=nvfp4,type_idx=i64,ne=[192,3,1,1],nr23=[2,3],r=2,v=0): not supported [CUDA0] 
  SET_ROWS(type_src=f32,type_dst=nvfp4,type_idx=i64,ne=[256,5,1,3],nr23=[1,1],r=1,v=1): not supported [CUDA0] 
  SET_ROWS(type_src=f32,type_dst=nvfp4,type_idx=i64,ne=[256,11,1,1],nr23=[2,3],r=7,v=1): not supported [CUDA0] 
  SET_ROWS(type_src=f32,type_dst=nvfp4,type_idx=i64,ne=[192,3,1,1],nr23=[2,3],r=2,v=1): not supported [CUDA0] 
  SET_ROWS(type_src=f32,type_dst=nvfp4,type_idx=i64,ne=[256,5,7,3],nr23=[1,1],r=1,v=0): not supported [CUDA0] 
  SET_ROWS(type_src=f32,type_dst=nvfp4,type_idx=i64,ne=[256,11,1,7],nr23=[2,3],r=7,v=0): not supported [CUDA0] 
  SET_ROWS(type_src=f32,type_dst=nvfp4,type_idx=i64,ne=[192,3,7,1],nr23=[2,3],r=2,v=0): not supported [CUDA0] 
  SET_ROWS(type_src=f32,type_dst=nvfp4,type_idx=i64,ne=[256,5,7,3],nr23=[1,1],r=1,v=1): not supported [CUDA0] 
  SET_ROWS(type_src=f32,type_dst=nvfp4,type_idx=i64,ne=[256,11,1,7],nr23=[2,3],r=7,v=1): not supported [CUDA0] 
  SET_ROWS(type_src=f32,type_dst=nvfp4,type_idx=i64,ne=[192,3,7,1],nr23=[2,3],r=2,v=1): not supported [CUDA0] 
  SET_ROWS(type_src=f32,type_dst=q2_K,type_idx=i64,ne=[256,5,1,3],nr23=[1,1],r=1,v=0): not supported [CUDA0] 
  SET_ROWS(type_src=f32,type_dst=q2_K,type_idx=i64,ne=[256,11,1,1],nr23=[2,3],r=7,v=0): not supported [CUDA0] 
  SET_ROWS(type_src=f32,type_dst=q2_K,type_idx=i64,ne=[768,3,1,1],nr23=[2,3],r=2,v=0): not supported [CUDA0] 
  SET_ROWS(type_src=f32,type_dst=q2_K,type_idx=i64,ne=[256,5,1,3],nr23=[1,1],r=1,v=1): not supported [CUDA0] 
  SET_ROWS(type_src=f32,type_dst=q2_K,type_idx=i64,ne=[256,11,1,1],nr23=[2,3],r=7,v=1): not supported [CUDA0] 
  SET_ROWS(type_src=f32,type_dst=q2_K,type_idx=i64,ne=[768,3,1,1],nr23=[2,3],r=2,v=1): not supported [CUDA0] 
  SET_ROWS(type_src=f32,type_dst=q2_K,type_idx=i64,ne=[256,5,7,3],nr23=[1,1],r=1,v=0): not supported [CUDA0] 
  SET_ROWS(type_src=f32,type_dst=q2_K,type_idx=i64,ne=[256,11,1,7],nr23=[2,3],r=7,v=0): not supported [CUDA0] 
  SET_ROWS(type_src=f32,type_dst=q2_K,type_idx=i64,ne=[768,3,7,1],nr23=[2,3],r=2,v=0): not supported [CUDA0] 
  SET_ROWS(type_src=f32,type_dst=q2_K,type_idx=i64,ne=[256,5,7,3],nr23=[1,1],r=1,v=1): not supported [CUDA0] 
  SET_ROWS(type_src=f32,type_dst=q2_K,type_idx=i64,ne=[256,11,1,7],nr23=[2,3],r=7,v=1): not supported [CUDA0] 
  SET_ROWS(type_src=f32,type_dst=q2_K,type_idx=i64,ne=[768,3,7,1],nr23=[2,3],r=2,v=1): not supported [CUDA0] 
  SET_ROWS(type_src=f32,type_dst=q3_K,type_idx=i64,ne=[256,5,1,3],nr23=[1,1],r=1,v=0): not supported [CUDA0] 
  SET_ROWS(type_src=f32,type_dst=q3_K,type_idx=i64,ne=[256,11,1,1],nr23=[2,3],r=7,v=0): not supported [CUDA0] 
  SET_ROWS(type_src=f32,type_dst=q3_K,type_idx=i64,ne=[768,3,1,1],nr23=[2,3],r=2,v=0): not supported [CUDA0] 
  SET_ROWS(type_src=f32,type_dst=q3_K,type_idx=i64,ne=[256,5,1,3],nr23=[1,1],r=1,v=1): not supported [CUDA0] 
  SET_ROWS(type_src=f32,type_dst=q3_K,type_idx=i64,ne=[256,11,1,1],nr23=[2,3],r=7,v=1): not supported [CUDA0] 
  SET_ROWS(type_src=f32,type_dst=q3_K,type_idx=i64,ne=[768,3,1,1],nr23=[2,3],r=2,v=1): not supported [CUDA0] 
  SET_ROWS(type_src=f32,type_dst=q3_K,type_idx=i64,ne=[256,5,7,3],nr23=[1,1],r=1,v=0): not supported [CUDA0] 
  SET_ROWS(type_src=f32,type_dst=q3_K,type_idx=i64,ne=[256,11,1,7],nr23=[2,3],r=7,v=0): not supported [CUDA0] 
  SET_ROWS(type_src=f32,type_dst=q3_K,type_idx=i64,ne=[768,3,7,1],nr23=[2,3],r=2,v=0): not supported [CUDA0] 
  SET_ROWS(type_src=f32,type_dst=q3_K,type_idx=i64,ne=[256,5,7,3],nr23=[1,1],r=1,v=1): not supported [CUDA0] 
  SET_ROWS(type_src=f32,type_dst=q3_K,type_idx=i64,ne=[256,11,1,7],nr23=[2,3],r=7,v=1): not supported [CUDA0] 
  SET_ROWS(type_src=f32,type_dst=q3_K,type_idx=i64,ne=[768,3,7,1],nr23=[2,3],r=2,v=1): not supported [CUDA0] 
  SET_ROWS(type_src=f32,type_dst=q4_K,type_idx=i64,ne=[256,5,1,3],nr23=[1,1],r=1,v=0): not supported [CUDA0] 
  SET_ROWS(type_src=f32,type_dst=q4_K,type_idx=i64,ne=[256,11,1,1],nr23=[2,3],r=7,v=0): not supported [CUDA0] 
  SET_ROWS(type_src=f32,type_dst=q4_K,type_idx=i64,ne=[768,3,1,1],nr23=[2,3],r=2,v=0): not supported [CUDA0] 
  SET_ROWS(type_src=f32,type_dst=q4_K,type_idx=i64,ne=[256,5,1,3],nr23=[1,1],r=1,v=1): not supported [CUDA0] 
  SET_ROWS(type_src=f32,type_dst=q4_K,type_idx=i64,ne=[256,11,1,1],nr23=[2,3],r=7,v=1): not supported [CUDA0] 
  SET_ROWS(type_src=f32,type_dst=q4_K,type_idx=i64,ne=[768,3,1,1],nr23=[2,3],r=2,v=1): not supported [CUDA0] 
  SET_ROWS(type_src=f32,type_dst=q4_K,type_idx=i64,ne=[256,5,7,3],nr23=[1,1],r=1,v=0): not supported [CUDA0] 
  SET_ROWS(type_src=f32,type_dst=q4_K,type_idx=i64,ne=[256,11,1,7],nr23=[2,3],r=7,v=0): not supported [CUDA0] 
  SET_ROWS(type_src=f32,type_dst=q4_K,type_idx=i64,ne=[768,3,7,1],nr23=[2,3],r=2,v=0): not supported [CUDA0] 
  SET_ROWS(type_src=f32,type_dst=q4_K,type_idx=i64,ne=[256,5,7,3],nr23=[1,1],r=1,v=1): not supported [CUDA0] 
  SET_ROWS(type_src=f32,type_dst=q4_K,type_idx=i64,ne=[256,11,1,7],nr23=[2,3],r=7,v=1): not supported [CUDA0] 
  SET_ROWS(type_src=f32,type_dst=q4_K,type_idx=i64,ne=[768,3,7,1],nr23=[2,3],r=2,v=1): not supported [CUDA0] 
  SET_ROWS(type_src=f32,type_dst=q5_K,type_idx=i64,ne=[256,5,1,3],nr23=[1,1],r=1,v=0): not supported [CUDA0] 
  SET_ROWS(type_src=f32,type_dst=q5_K,type_idx=i64,ne=[256,11,1,1],nr23=[2,3],r=7,v=0): not supported [CUDA0] 
  SET_ROWS(type_src=f32,type_dst=q5_K,type_idx=i64,ne=[768,3,1,1],nr23=[2,3],r=2,v=0): not supported [CUDA0] 
  SET_ROWS(type_src=f32,type_dst=q5_K,type_idx=i64,ne=[256,5,1,3],nr23=[1,1],r=1,v=1): not supported [CUDA0] 
  SET_ROWS(type_src=f32,type_dst=q5_K,type_idx=i64,ne=[256,11,1,1],nr23=[2,3],r=7,v=1): not supported [CUDA0] 
  SET_ROWS(type_src=f32,type_dst=q5_K,type_idx=i64,ne=[768,3,1,1],nr23=[2,3],r=2,v=1): not supported [CUDA0] 
  SET_ROWS(type_src=f32,type_dst=q5_K,type_idx=i64,ne=[256,5,7,3],nr23=[1,1],r=1,v=0): not supported [CUDA0] 
  SET_ROWS(type_src=f32,type_dst=q5_K,type_idx=i64,ne=[256,11,1,7],nr23=[2,3],r=7,v=0): not supported [CUDA0] 
  SET_ROWS(type_src=f32,type_dst=q5_K,type_idx=i64,ne=[768,3,7,1],nr23=[2,3],r=2,v=0): not supported [CUDA0] 
  SET_ROWS(type_src=f32,type_dst=q5_K,type_idx=i64,ne=[256,5,7,3],nr23=[1,1],r=1,v=1): not supported [CUDA0] 
  SET_ROWS(type_src=f32,type_dst=q5_K,type_idx=i64,ne=[256,11,1,7],nr23=[2,3],r=7,v=1): not supported [CUDA0] 
  SET_ROWS(type_src=f32,type_dst=q5_K,type_idx=i64,ne=[768,3,7,1],nr23=[2,3],r=2,v=1): not supported [CUDA0] 
  SET_ROWS(type_src=f32,type_dst=q6_K,type_idx=i64,ne=[256,5,1,3],nr23=[1,1],r=1,v=0): not supported [CUDA0] 
  SET_ROWS(type_src=f32,type_dst=q6_K,type_idx=i64,ne=[256,11,1,1],nr23=[2,3],r=7,v=0): not supported [CUDA0] 
  SET_ROWS(type_src=f32,type_dst=q6_K,type_idx=i64,ne=[768,3,1,1],nr23=[2,3],r=2,v=0): not supported [CUDA0] 
  SET_ROWS(type_src=f32,type_dst=q6_K,type_idx=i64,ne=[256,5,1,3],nr23=[1,1],r=1,v=1): not supported [CUDA0] 
  SET_ROWS(type_src=f32,type_dst=q6_K,type_idx=i64,ne=[256,11,1,1],nr23=[2,3],r=7,v=1): not supported [CUDA0] 
  SET_ROWS(type_src=f32,type_dst=q6_K,type_idx=i64,ne=[768,3,1,1],nr23=[2,3],r=2,v=1): not supported [CUDA0] 
  SET_ROWS(type_src=f32,type_dst=q6_K,type_idx=i64,ne=[256,5,7,3],nr23=[1,1],r=1,v=0): not supported [CUDA0] 
  SET_ROWS(type_src=f32,type_dst=q6_K,type_idx=i64,ne=[256,11,1,7],nr23=[2,3],r=7,v=0): not supported [CUDA0] 
  SET_ROWS(type_src=f32,type_dst=q6_K,type_idx=i64,ne=[768,3,7,1],nr23=[2,3],r=2,v=0): not supported [CUDA0] 
  SET_ROWS(type_src=f32,type_dst=q6_K,type_idx=i64,ne=[256,5,7,3],nr23=[1,1],r=1,v=1): not supported [CUDA0] 
  SET_ROWS(type_src=f32,type_dst=q6_K,type_idx=i64,ne=[256,11,1,7],nr23=[2,3],r=7,v=1): not supported [CUDA0] 
  SET_ROWS(type_src=f32,type_dst=q6_K,type_idx=i64,ne=[768,3,7,1],nr23=[2,3],r=2,v=1): not supported [CUDA0] 
  SET_ROWS(type_src=f32,type_dst=tq2_0,type_idx=i64,ne=[256,5,1,3],nr23=[1,1],r=1,v=0): not supported [CUDA0] 
  SET_ROWS(type_src=f32,type_dst=tq2_0,type_idx=i64,ne=[256,11,1,1],nr23=[2,3],r=7,v=0): not supported [CUDA0] 
  SET_ROWS(type_src=f32,type_dst=tq2_0,type_idx=i64,ne=[768,3,1,1],nr23=[2,3],r=2,v=0): not supported [CUDA0] 
  SET_ROWS(type_src=f32,type_dst=tq2_0,type_idx=i64,ne=[256,5,1,3],nr23=[1,1],r=1,v=1): not supported [CUDA0] 
  SET_ROWS(type_src=f32,type_dst=tq2_0,type_idx=i64,ne=[256,11,1,1],nr23=[2,3],r=7,v=1): not supported [CUDA0] 
  SET_ROWS(type_src=f32,type_dst=tq2_0,type_idx=i64,ne=[768,3,1,1],nr23=[2,3],r=2,v=1): not supported [CUDA0] 
  SET_ROWS(type_src=f32,type_dst=tq2_0,type_idx=i64,ne=[256,5,7,3],nr23=[1,1],r=1,v=0): not supported [CUDA0] 
  SET_ROWS(type_src=f32,type_dst=tq2_0,type_idx=i64,ne=[256,11,1,7],nr23=[2,3],r=7,v=0): not supported [CUDA0] 
  SET_ROWS(type_src=f32,type_dst=tq2_0,type_idx=i64,ne=[768,3,7,1],nr23=[2,3],r=2,v=0): not supported [CUDA0] 
  SET_ROWS(type_src=f32,type_dst=tq2_0,type_idx=i64,ne=[256,5,7,3],nr23=[1,1],r=1,v=1): not supported [CUDA0] 
  SET_ROWS(type_src=f32,type_dst=tq2_0,type_idx=i64,ne=[256,11,1,7],nr23=[2,3],r=7,v=1): not supported [CUDA0] 
  SET_ROWS(type_src=f32,type_dst=tq2_0,type_idx=i64,ne=[768,3,7,1],nr23=[2,3],r=2,v=1): not supported [CUDA0] 
  SET_ROWS(type_src=f32,type_dst=iq2_xxs,type_idx=i64,ne=[256,5,1,3],nr23=[1,1],r=1,v=0): not supported [CUDA0, CPU] 
  SET_ROWS(type_src=f32,type_dst=iq2_xxs,type_idx=i64,ne=[256,11,1,1],nr23=[2,3],r=7,v=0): not supported [CUDA0, CPU] 
  SET_ROWS(type_src=f32,type_dst=iq2_xxs,type_idx=i64,ne=[768,3,1,1],nr23=[2,3],r=2,v=0): not supported [CUDA0, CPU] 
  SET_ROWS(type_src=f32,type_dst=iq2_xxs,type_idx=i64,ne=[256,5,1,3],nr23=[1,1],r=1,v=1): not supported [CUDA0, CPU] 
  SET_ROWS(type_src=f32,type_dst=iq2_xxs,type_idx=i64,ne=[256,11,1,1],nr23=[2,3],r=7,v=1): not supported [CUDA0, CPU] 
  SET_ROWS(type_src=f32,type_dst=iq2_xxs,type_idx=i64,ne=[768,3,1,1],nr23=[2,3],r=2,v=1): not supported [CUDA0, CPU] 
  SET_ROWS(type_src=f32,type_dst=iq2_xxs,type_idx=i64,ne=[256,5,7,3],nr23=[1,1],r=1,v=0): not supported [CUDA0, CPU] 
  SET_ROWS(type_src=f32,type_dst=iq2_xxs,type_idx=i64,ne=[256,11,1,7],nr23=[2,3],r=7,v=0): not supported [CUDA0, CPU] 
  SET_ROWS(type_src=f32,type_dst=iq2_xxs,type_idx=i64,ne=[768,3,7,1],nr23=[2,3],r=2,v=0): not supported [CUDA0, CPU] 
  SET_ROWS(type_src=f32,type_dst=iq2_xxs,type_idx=i64,ne=[256,5,7,3],nr23=[1,1],r=1,v=1): not supported [CUDA0, CPU] 
  SET_ROWS(type_src=f32,type_dst=iq2_xxs,type_idx=i64,ne=[256,11,1,7],nr23=[2,3],r=7,v=1): not supported [CUDA0, CPU] 
  SET_ROWS(type_src=f32,type_dst=iq2_xxs,type_idx=i64,ne=[768,3,7,1],nr23=[2,3],r=2,v=1): not supported [CUDA0, CPU] 
  SET_ROWS(type_src=f32,type_dst=iq2_xs,type_idx=i64,ne=[256,5,1,3],nr23=[1,1],r=1,v=0): not supported [CUDA0, CPU] 
  SET_ROWS(type_src=f32,type_dst=iq2_xs,type_idx=i64,ne=[256,11,1,1],nr23=[2,3],r=7,v=0): not supported [CUDA0, CPU] 
  SET_ROWS(type_src=f32,type_dst=iq2_xs,type_idx=i64,ne=[768,3,1,1],nr23=[2,3],r=2,v=0): not supported [CUDA0, CPU] 
  SET_ROWS(type_src=f32,type_dst=iq2_xs,type_idx=i64,ne=[256,5,1,3],nr23=[1,1],r=1,v=1): not supported [CUDA0, CPU] 
  SET_ROWS(type_src=f32,type_dst=iq2_xs,type_idx=i64,ne=[256,11,1,1],nr23=[2,3],r=7,v=1): not supported [CUDA0, CPU] 
  SET_ROWS(type_src=f32,type_dst=iq2_xs,type_idx=i64,ne=[768,3,1,1],nr23=[2,3],r=2,v=1): not supported [CUDA0, CPU] 
  SET_ROWS(type_src=f32,type_dst=iq2_xs,type_idx=i64,ne=[256,5,7,3],nr23=[1,1],r=1,v=0): not supported [CUDA0, CPU] 
  SET_ROWS(type_src=f32,type_dst=iq2_xs,type_idx=i64,ne=[256,11,1,7],nr23=[2,3],r=7,v=0): not supported [CUDA0, CPU] 
  SET_ROWS(type_src=f32,type_dst=iq2_xs,type_idx=i64,ne=[768,3,7,1],nr23=[2,3],r=2,v=0): not supported [CUDA0, CPU] 
  SET_ROWS(type_src=f32,type_dst=iq2_xs,type_idx=i64,ne=[256,5,7,3],nr23=[1,1],r=1,v=1): not supported [CUDA0, CPU] 
  SET_ROWS(type_src=f32,type_dst=iq2_xs,type_idx=i64,ne=[256,11,1,7],nr23=[2,3],r=7,v=1): not supported [CUDA0, CPU] 
  SET_ROWS(type_src=f32,type_dst=iq2_xs,type_idx=i64,ne=[768,3,7,1],nr23=[2,3],r=2,v=1): not supported [CUDA0, CPU] 
  SET_ROWS(type_src=f32,type_dst=iq2_s,type_idx=i64,ne=[256,5,1,3],nr23=[1,1],r=1,v=0): not supported [CUDA0, CPU] 
  SET_ROWS(type_src=f32,type_dst=iq2_s,type_idx=i64,ne=[256,11,1,1],nr23=[2,3],r=7,v=0): not supported [CUDA0, CPU] 
  SET_ROWS(type_src=f32,type_dst=iq2_s,type_idx=i64,ne=[768,3,1,1],nr23=[2,3],r=2,v=0): not supported [CUDA0, CPU] 
  SET_ROWS(type_src=f32,type_dst=iq2_s,type_idx=i64,ne=[256,5,1,3],nr23=[1,1],r=1,v=1): not supported [CUDA0, CPU] 
  SET_ROWS(type_src=f32,type_dst=iq2_s,type_idx=i64,ne=[256,11,1,1],nr23=[2,3],r=7,v=1): not supported [CUDA0, CPU] 
  SET_ROWS(type_src=f32,type_dst=iq2_s,type_idx=i64,ne=[768,3,1,1],nr23=[2,3],r=2,v=1): not supported [CUDA0, CPU] 
  SET_ROWS(type_src=f32,type_dst=iq2_s,type_idx=i64,ne=[256,5,7,3],nr23=[1,1],r=1,v=0): not supported [CUDA0, CPU] 
  SET_ROWS(type_src=f32,type_dst=iq2_s,type_idx=i64,ne=[256,11,1,7],nr23=[2,3],r=7,v=0): not supported [CUDA0, CPU] 
  SET_ROWS(type_src=f32,type_dst=iq2_s,type_idx=i64,ne=[768,3,7,1],nr23=[2,3],r=2,v=0): not supported [CUDA0, CPU] 
  SET_ROWS(type_src=f32,type_dst=iq2_s,type_idx=i64,ne=[256,5,7,3],nr23=[1,1],r=1,v=1): not supported [CUDA0, CPU] 
  SET_ROWS(type_src=f32,type_dst=iq2_s,type_idx=i64,ne=[256,11,1,7],nr23=[2,3],r=7,v=1): not supported [CUDA0, CPU] 
  SET_ROWS(type_src=f32,type_dst=iq2_s,type_idx=i64,ne=[768,3,7,1],nr23=[2,3],r=2,v=1): not supported [CUDA0, CPU] 
  SET_ROWS(type_src=f32,type_dst=iq3_xxs,type_idx=i64,ne=[256,5,1,3],nr23=[1,1],r=1,v=0): not supported [CUDA0, CPU] 
  SET_ROWS(type_src=f32,type_dst=iq3_xxs,type_idx=i64,ne=[256,11,1,1],nr23=[2,3],r=7,v=0): not supported [CUDA0, CPU] 
  SET_ROWS(type_src=f32,type_dst=iq3_xxs,type_idx=i64,ne=[768,3,1,1],nr23=[2,3],r=2,v=0): not supported [CUDA0, CPU] 
  SET_ROWS(type_src=f32,type_dst=iq3_xxs,type_idx=i64,ne=[256,5,1,3],nr23=[1,1],r=1,v=1): not supported [CUDA0, CPU] 
  SET_ROWS(type_src=f32,type_dst=iq3_xxs,type_idx=i64,ne=[256,11,1,1],nr23=[2,3],r=7,v=1): not supported [CUDA0, CPU] 
  SET_ROWS(type_src=f32,type_dst=iq3_xxs,type_idx=i64,ne=[768,3,1,1],nr23=[2,3],r=2,v=1): not supported [CUDA0, CPU] 
  SET_ROWS(type_src=f32,type_dst=iq3_xxs,type_idx=i64,ne=[256,5,7,3],nr23=[1,1],r=1,v=0): not supported [CUDA0, CPU] 
  SET_ROWS(type_src=f32,type_dst=iq3_xxs,type_idx=i64,ne=[256,11,1,7],nr23=[2,3],r=7,v=0): not supported [CUDA0, CPU] 
  SET_ROWS(type_src=f32,type_dst=iq3_xxs,type_idx=i64,ne=[768,3,7,1],nr23=[2,3],r=2,v=0): not supported [CUDA0, CPU] 
  SET_ROWS(type_src=f32,type_dst=iq3_xxs,type_idx=i64,ne=[256,5,7,3],nr23=[1,1],r=1,v=1): not supported [CUDA0, CPU] 
  SET_ROWS(type_src=f32,type_dst=iq3_xxs,type_idx=i64,ne=[256,11,1,7],nr23=[2,3],r=7,v=1): not supported [CUDA0, CPU] 
  SET_ROWS(type_src=f32,type_dst=iq3_xxs,type_idx=i64,ne=[768,3,7,1],nr23=[2,3],r=2,v=1): not supported [CUDA0, CPU] 
  SET_ROWS(type_src=f32,type_dst=iq1_s,type_idx=i64,ne=[256,5,1,3],nr23=[1,1],r=1,v=0): not supported [CUDA0, CPU] 
  SET_ROWS(type_src=f32,type_dst=iq1_s,type_idx=i64,ne=[256,11,1,1],nr23=[2,3],r=7,v=0): not supported [CUDA0, CPU] 
  SET_ROWS(type_src=f32,type_dst=iq1_s,type_idx=i64,ne=[768,3,1,1],nr23=[2,3],r=2,v=0): not supported [CUDA0, CPU] 
  SET_ROWS(type_src=f32,type_dst=iq1_s,type_idx=i64,ne=[256,5,1,3],nr23=[1,1],r=1,v=1): not supported [CUDA0, CPU] 
  SET_ROWS(type_src=f32,type_dst=iq1_s,type_idx=i64,ne=[256,11,1,1],nr23=[2,3],r=7,v=1): not supported [CUDA0, CPU] 
  SET_ROWS(type_src=f32,type_dst=iq1_s,type_idx=i64,ne=[768,3,1,1],nr23=[2,3],r=2,v=1): not supported [CUDA0, CPU] 
  SET_ROWS(type_src=f32,type_dst=iq1_s,type_idx=i64,ne=[256,5,7,3],nr23=[1,1],r=1,v=0): not supported [CUDA0, CPU] 
  SET_ROWS(type_src=f32,type_dst=iq1_s,type_idx=i64,ne=[256,11,1,7],nr23=[2,3],r=7,v=0): not supported [CUDA0, CPU] 
  SET_ROWS(type_src=f32,type_dst=iq1_s,type_idx=i64,ne=[768,3,7,1],nr23=[2,3],r=2,v=0): not supported [CUDA0, CPU] 
  SET_ROWS(type_src=f32,type_dst=iq1_s,type_idx=i64,ne=[256,5,7,3],nr23=[1,1],r=1,v=1): not supported [CUDA0, CPU] 
  SET_ROWS(type_src=f32,type_dst=iq1_s,type_idx=i64,ne=[256,11,1,7],nr23=[2,3],r=7,v=1): not supported [CUDA0, CPU] 
  SET_ROWS(type_src=f32,type_dst=iq1_s,type_idx=i64,ne=[768,3,7,1],nr23=[2,3],r=2,v=1): not supported [CUDA0, CPU] 
  SET_ROWS(type_src=f32,type_dst=iq1_m,type_idx=i64,ne=[256,5,1,3],nr23=[1,1],r=1,v=0): not supported [CUDA0, CPU] 
  SET_ROWS(type_src=f32,type_dst=iq1_m,type_idx=i64,ne=[256,11,1,1],nr23=[2,3],r=7,v=0): not supported [CUDA0, CPU] 
  SET_ROWS(type_src=f32,type_dst=iq1_m,type_idx=i64,ne=[768,3,1,1],nr23=[2,3],r=2,v=0): not supported [CUDA0, CPU] 
  SET_ROWS(type_src=f32,type_dst=iq1_m,type_idx=i64,ne=[256,5,1,3],nr23=[1,1],r=1,v=1): not supported [CUDA0, CPU] 
  SET_ROWS(type_src=f32,type_dst=iq1_m,type_idx=i64,ne=[256,11,1,1],nr23=[2,3],r=7,v=1): not supported [CUDA0, CPU] 
  SET_ROWS(type_src=f32,type_dst=iq1_m,type_idx=i64,ne=[768,3,1,1],nr23=[2,3],r=2,v=1): not supported [CUDA0, CPU] 
  SET_ROWS(type_src=f32,type_dst=iq1_m,type_idx=i64,ne=[256,5,7,3],nr23=[1,1],r=1,v=0): not supported [CUDA0, CPU] 
  SET_ROWS(type_src=f32,type_dst=iq1_m,type_idx=i64,ne=[256,11,1,7],nr23=[2,3],r=7,v=0): not supported [CUDA0, CPU] 
  SET_ROWS(type_src=f32,type_dst=iq1_m,type_idx=i64,ne=[768,3,7,1],nr23=[2,3],r=2,v=0): not supported [CUDA0, CPU] 
  SET_ROWS(type_src=f32,type_dst=iq1_m,type_idx=i64,ne=[256,5,7,3],nr23=[1,1],r=1,v=1): not supported [CUDA0, CPU] 
  SET_ROWS(type_src=f32,type_dst=iq1_m,type_idx=i64,ne=[256,11,1,7],nr23=[2,3],r=7,v=1): not supported [CUDA0, CPU] 
  SET_ROWS(type_src=f32,type_dst=iq1_m,type_idx=i64,ne=[768,3,7,1],nr23=[2,3],r=2,v=1): not supported [CUDA0, CPU] 
  SET_ROWS(type_src=f32,type_dst=iq4_nl,type_idx=i64,ne=[256,5,1,3],nr23=[1,1],r=1,v=0): [1;32mOK[0m
  SET_ROWS(type_src=f32,type_dst=iq4_nl,type_idx=i64,ne=[256,11,1,1],nr23=[2,3],r=7,v=0): [1;32mOK[0m
  SET_ROWS(type_src=f32,type_dst=iq4_nl,type_idx=i64,ne=[96,3,1,1],nr23=[2,3],r=2,v=0): [1;32mOK[0m
  SET_ROWS(type_src=f32,type_dst=iq4_nl,type_idx=i64,ne=[256,5,1,3],nr23=[1,1],r=1,v=1): [1;32mOK[0m
  SET_ROWS(type_src=f32,type_dst=iq4_nl,type_idx=i64,ne=[256,11,1,1],nr23=[2,3],r=7,v=1): [1;32mOK[0m
  SET_ROWS(type_src=f32,type_dst=iq4_nl,type_idx=i64,ne=[96,3,1,1],nr23=[2,3],r=2,v=1): [1;32mOK[0m
  SET_ROWS(type_src=f32,type_dst=iq4_nl,type_idx=i64,ne=[256,5,7,3],nr23=[1,1],r=1,v=0): [1;32mOK[0m
  SET_ROWS(type_src=f32,type_dst=iq4_nl,type_idx=i64,ne=[256,11,1,7],nr23=[2,3],r=7,v=0): [1;32mOK[0m
  SET_ROWS(type_src=f32,type_dst=iq4_nl,type_idx=i64,ne=[96,3,7,1],nr23=[2,3],r=2,v=0): [1;32mOK[0m
  SET_ROWS(type_src=f32,type_dst=iq4_nl,type_idx=i64,ne=[256,5,7,3],nr23=[1,1],r=1,v=1): [1;32mOK[0m
  SET_ROWS(type_src=f32,type_dst=iq4_nl,type_idx=i64,ne=[256,11,1,7],nr23=[2,3],r=7,v=1): [1;32mOK[0m
  SET_ROWS(type_src=f32,type_dst=iq4_nl,type_idx=i64,ne=[96,3,7,1],nr23=[2,3],r=2,v=1): [1;32mOK[0m
  SET_ROWS(type_src=f32,type_dst=iq3_s,type_idx=i64,ne=[256,5,1,3],nr23=[1,1],r=1,v=0): not supported [CUDA0, CPU] 
  SET_ROWS(type_src=f32,type_dst=iq3_s,type_idx=i64,ne=[256,11,1,1],nr23=[2,3],r=7,v=0): not supported [CUDA0, CPU] 
  SET_ROWS(type_src=f32,type_dst=iq3_s,type_idx=i64,ne=[768,3,1,1],nr23=[2,3],r=2,v=0): not supported [CUDA0, CPU] 
  SET_ROWS(type_src=f32,type_dst=iq3_s,type_idx=i64,ne=[256,5,1,3],nr23=[1,1],r=1,v=1): not supported [CUDA0, CPU] 
  SET_ROWS(type_src=f32,type_dst=iq3_s,type_idx=i64,ne=[256,11,1,1],nr23=[2,3],r=7,v=1): not supported [CUDA0, CPU] 
  SET_ROWS(type_src=f32,type_dst=iq3_s,type_idx=i64,ne=[768,3,1,1],nr23=[2,3],r=2,v=1): not supported [CUDA0, CPU] 
  SET_ROWS(type_src=f32,type_dst=iq3_s,type_idx=i64,ne=[256,5,7,3],nr23=[1,1],r=1,v=0): not supported [CUDA0, CPU] 
  SET_ROWS(type_src=f32,type_dst=iq3_s,type_idx=i64,ne=[256,11,1,7],nr23=[2,3],r=7,v=0): not supported [CUDA0, CPU] 
  SET_ROWS(type_src=f32,type_dst=iq3_s,type_idx=i64,ne=[768,3,7,1],nr23=[2,3],r=2,v=0): not supported [CUDA0, CPU] 
  SET_ROWS(type_src=f32,type_dst=iq3_s,type_idx=i64,ne=[256,5,7,3],nr23=[1,1],r=1,v=1): not supported [CUDA0, CPU] 
  SET_ROWS(type_src=f32,type_dst=iq3_s,type_idx=i64,ne=[256,11,1,7],nr23=[2,3],r=7,v=1): not supported [CUDA0, CPU] 
  SET_ROWS(type_src=f32,type_dst=iq3_s,type_idx=i64,ne=[768,3,7,1],nr23=[2,3],r=2,v=1): not supported [CUDA0, CPU] 
  SET_ROWS(type_src=f32,type_dst=iq4_xs,type_idx=i64,ne=[256,5,1,3],nr23=[1,1],r=1,v=0): not supported [CUDA0] 
  SET_ROWS(type_src=f32,type_dst=iq4_xs,type_idx=i64,ne=[256,11,1,1],nr23=[2,3],r=7,v=0): not supported [CUDA0] 
  SET_ROWS(type_src=f32,type_dst=iq4_xs,type_idx=i64,ne=[768,3,1,1],nr23=[2,3],r=2,v=0): not supported [CUDA0] 
  SET_ROWS(type_src=f32,type_dst=iq4_xs,type_idx=i64,ne=[256,5,1,3],nr23=[1,1],r=1,v=1): not supported [CUDA0] 
  SET_ROWS(type_src=f32,type_dst=iq4_xs,type_idx=i64,ne=[256,11,1,1],nr23=[2,3],r=7,v=1): not supported [CUDA0] 
  SET_ROWS(type_src=f32,type_dst=iq4_xs,type_idx=i64,ne=[768,3,1,1],nr23=[2,3],r=2,v=1): not supported [CUDA0] 
  SET_ROWS(type_src=f32,type_dst=iq4_xs,type_idx=i64,ne=[256,5,7,3],nr23=[1,1],r=1,v=0): not supported [CUDA0] 
  SET_ROWS(type_src=f32,type_dst=iq4_xs,type_idx=i64,ne=[256,11,1,7],nr23=[2,3],r=7,v=0): not supported [CUDA0] 
  SET_ROWS(type_src=f32,type_dst=iq4_xs,type_idx=i64,ne=[768,3,7,1],nr23=[2,3],r=2,v=0): not supported [CUDA0] 
  SET_ROWS(type_src=f32,type_dst=iq4_xs,type_idx=i64,ne=[256,5,7,3],nr23=[1,1],r=1,v=1): not supported [CUDA0] 
  SET_ROWS(type_src=f32,type_dst=iq4_xs,type_idx=i64,ne=[256,11,1,7],nr23=[2,3],r=7,v=1): not supported [CUDA0] 
  SET_ROWS(type_src=f32,type_dst=iq4_xs,type_idx=i64,ne=[768,3,7,1],nr23=[2,3],r=2,v=1): not supported [CUDA0] 
  SET_ROWS(type_src=f16,type_dst=f16,type_idx=i64,ne=[1,8,1,3],nr23=[1,1],r=2,v=0): [1;32mOK[0m
  SET_ROWS(type_src=f16,type_dst=f16,type_idx=i32,ne=[1,8,1,3],nr23=[1,1],r=2,v=0): [1;32mOK[0m
  SET_ROWS(type_src=f16,type_dst=f16,type_idx=i64,ne=[1,8,1,3],nr23=[1,1],r=2,v=1): [1;32mOK[0m
  SET_ROWS(type_src=f16,type_dst=f16,type_idx=i32,ne=[1,8,1,3],nr23=[1,1],r=2,v=1): [1;32mOK[0m
  SET_ROWS(type_src=f32,type_dst=nxq3_0,type_idx=i64,ne=[256,5,1,3],nr23=[1,1],r=1,v=0): [1;32mOK[0m
  SET_ROWS(type_src=f32,type_dst=nxq3_0,type_idx=i64,ne=[256,5,1,3],nr23=[1,1],r=2,v=1): [1;32mOK[0m
  SET_ROWS(type_src=f32,type_dst=nxq2_0,type_idx=i64,ne=[256,5,1,3],nr23=[1,1],r=1,v=0): [1;32mOK[0m
  SET_ROWS(type_src=f32,type_dst=nxq2_0,type_idx=i64,ne=[256,5,1,3],nr23=[1,1],r=2,v=1): [1;32mOK[0m
  163/163 tests passed
  Backend CUDA0: [1;32mOK[0m
Backend 2/2: CPU
  Skipping CPU backend
2/2 backends passed
[1;32mOK[0m
